Component: ARM Compiler 5.06 update 6 (build 750) Tool: armlink [4d35ed]

==============================================================================

Section Cross References

    main.o(.text) refers to _printf_percent.o(.ARM.Collect$$_printf_percent$$00000000) for _printf_percent
    main.o(.text) refers to _printf_c.o(.ARM.Collect$$_printf_percent$$00000013) for _printf_c
    main.o(.text) refers to _printf_str.o(.text) for _printf_str
    main.o(.text) refers to delay.o(.text) for delay_init
    main.o(.text) refers to misc.o(.text) for NVIC_PriorityGroupConfig
    main.o(.text) refers to usart.o(.text) for uart_init
    main.o(.text) refers to led.o(.text) for LED_Init
    main.o(.text) refers to tactswitch.o(.text) for PA4_EXTI_Init
    main.o(.text) refers to key.o(.text) for KEY_Init
    main.o(.text) refers to stepmotor_big.o(.text) for PWM_IO_Init
    main.o(.text) refers to timer.o(.text) for TIM3_TIME_Init
    main.o(.text) refers to stepmotor1.o(.text) for StepMotor1_Init
    main.o(.text) refers to stepmotor2.o(.text) for StepMotor2_Init
    main.o(.text) refers to stepmotor3.o(.text) for StepMotor3_Init
    main.o(.text) refers to noretval__2printf.o(.text) for __2printf
    main.o(.text) refers to noretval__2sprintf.o(.text) for __2sprintf
    main.o(.text) refers to strlen.o(.text) for strlen
    main.o(.text) refers to strcmpv7m.o(.text) for strcmp
    main.o(.text) refers to rt_memclr.o(.text) for __aeabi_memclr
    main.o(.text) refers to main.o(.data) for runover
    main.o(.text) refers to stepmotor1.o(.data) for tachswitch1
    main.o(.text) refers to stepmotor2.o(.data) for tachswitch2
    main.o(.text) refers to stepmotor3.o(.data) for tachswitch3
    main.o(.text) refers to usart.o(.data) for USART_RX_STA
    main.o(.text) refers to usart.o(.bss) for USART_RX_BUF
    main.o(.text) refers to main.o(.bss) for message
    system_stm32f10x.o(.text) refers to system_stm32f10x.o(.data) for SystemCoreClock
    usart.o(.text) refers (Special) to use_no_semi_2.o(.text) for __use_no_semihosting
    usart.o(.text) refers to stm32f10x_rcc.o(.text) for RCC_APB2PeriphClockCmd
    usart.o(.text) refers to stm32f10x_gpio.o(.text) for GPIO_Init
    usart.o(.text) refers to misc.o(.text) for NVIC_Init
    usart.o(.text) refers to stm32f10x_usart.o(.text) for USART_Init
    usart.o(.text) refers to usart.o(.data) for USART_RX_STA
    usart.o(.text) refers to usart.o(.bss) for USART_RX_BUF
    usart.o(.bss) refers (Special) to use_no_semi_2.o(.text) for __use_no_semihosting
    usart.o(.data) refers (Special) to use_no_semi_2.o(.text) for __use_no_semihosting
    timer.o(.text) refers to stm32f10x_rcc.o(.text) for RCC_APB1PeriphClockCmd
    timer.o(.text) refers to stm32f10x_tim.o(.text) for TIM_TimeBaseInit
    timer.o(.text) refers to misc.o(.text) for NVIC_Init
    timer.o(.text) refers to sys.o(.text) for MY_NVIC_Init
    timer.o(.text) refers to timer.o(.data) for time
    timer.o(.text) refers to stepmotor_big.o(.bss) for srd
    timer.o(.text) refers to main.o(.data) for status
    led.o(.text) refers to stm32f10x_rcc.o(.text) for RCC_APB2PeriphClockCmd
    led.o(.text) refers to stm32f10x_gpio.o(.text) for GPIO_Init
    key.o(.text) refers to stm32f10x_rcc.o(.text) for RCC_APB2PeriphClockCmd
    key.o(.text) refers to stm32f10x_gpio.o(.text) for GPIO_Init
    stepmotor_big.o(.text) refers to stm32f10x_rcc.o(.text) for RCC_APB2PeriphClockCmd
    stepmotor_big.o(.text) refers to stm32f10x_gpio.o(.text) for GPIO_Init
    stepmotor_big.o(.text) refers to timer.o(.text) for TIM4_Int_Init
    stepmotor_big.o(.text) refers to stepmotor_big.o(.bss) for srd
    stepmotor1.o(.text) refers to stm32f10x_rcc.o(.text) for RCC_APB2PeriphClockCmd
    stepmotor1.o(.text) refers to stm32f10x_gpio.o(.text) for GPIO_Init
    stepmotor1.o(.text) refers to delay.o(.text) for delay_ms
    stepmotor1.o(.text) refers to stepmotor1.o(.data) for Speed
    stepmotor2.o(.text) refers to stm32f10x_rcc.o(.text) for RCC_APB2PeriphClockCmd
    stepmotor2.o(.text) refers to stm32f10x_gpio.o(.text) for GPIO_Init
    stepmotor2.o(.text) refers to delay.o(.text) for delay_ms
    stepmotor2.o(.text) refers to stepmotor2.o(.data) for Speed2
    stepmotor3.o(.text) refers to stm32f10x_gpio.o(.text) for GPIO_SetBits
    stepmotor3.o(.text) refers to stm32f10x_rcc.o(.text) for RCC_APB2PeriphClockCmd
    stepmotor3.o(.text) refers to delay.o(.text) for delay_ms
    stepmotor3.o(.text) refers to stepmotor3.o(.data) for Speed3
    tactswitch.o(.text) refers to stm32f10x_rcc.o(.text) for RCC_APB2PeriphClockCmd
    tactswitch.o(.text) refers to stm32f10x_gpio.o(.text) for GPIO_Init
    tactswitch.o(.text) refers to stm32f10x_exti.o(.text) for EXTI_Init
    tactswitch.o(.text) refers to misc.o(.text) for NVIC_Init
    tactswitch.o(.text) refers to delay.o(.text) for delay_ms
    tactswitch.o(.text) refers to stm32f10x_tim.o(.text) for TIM_Cmd
[...]
    _get_argv_nomalloc.o(.text) refers (Special) to hrguard.o(.text) for __heap_region$guard
    _get_argv_nomalloc.o(.text) refers to defsig_rtmem_outer.o(.text) for __rt_SIGRTMEM
    _get_argv_nomalloc.o(.text) refers to sys_command.o(.text) for _sys_command_string
    libshutdown.o(.ARM.Collect$$libshutdown$$00000000) refers (Special) to libshutdown2.o(.ARM.Collect$$libshutdown$$00000002) for __rt_lib_shutdown_cpp_1
    libshutdown.o(.ARM.Collect$$libshutdown$$00000000) refers (Special) to libshutdown2.o(.ARM.Collect$$libshutdown$$00000007) for __rt_lib_shutdown_fp_trap_1
    libshutdown.o(.ARM.Collect$$libshutdown$$00000000) refers (Special) to libshutdown2.o(.ARM.Collect$$libshutdown$$0000000F) for __rt_lib_shutdown_heap_1
    libshutdown.o(.ARM.Collect$$libshutdown$$00000000) refers (Special) to libshutdown2.o(.ARM.Collect$$libshutdown$$00000010) for __rt_lib_shutdown_return
    libshutdown.o(.ARM.Collect$$libshutdown$$00000000) refers (Special) to libshutdown2.o(.ARM.Collect$$libshutdown$$0000000A) for __rt_lib_shutdown_signal_1
    libshutdown.o(.ARM.Collect$$libshutdown$$00000000) refers (Special) to libshutdown2.o(.ARM.Collect$$libshutdown$$00000004) for __rt_lib_shutdown_stdio_1
    libshutdown.o(.ARM.Collect$$libshutdown$$00000000) refers (Special) to libshutdown2.o(.ARM.Collect$$libshutdown$$0000000C) for __rt_lib_shutdown_user_alloc_1
    sys_command.o(.text) refers (Special) to use_no_semi.o(.text) for __I$use$semihosting
    sys_command.o(.text) refers (Special) to indicate_semi.o(.text) for __semihosting_library_function
    defsig_rtmem_outer.o(.text) refers to defsig_rtmem_inner.o(.text) for __rt_SIGRTMEM_inner
    defsig_rtmem_outer.o(.text) refers to defsig_exit.o(.text) for __sig_exit
    defsig_rtmem_formal.o(.text) refers to rt_raise.o(.text) for __rt_raise
    rt_raise.o(.text) refers to __raise.o(.text) for __raise
    rt_raise.o(.text) refers to usart.o(.text) for _sys_exit
    defsig_exit.o(.text) refers to usart.o(.text) for _sys_exit
    defsig_rtmem_inner.o(.text) refers to defsig_general.o(.text) for __default_signal_display
    __raise.o(.text) refers to defsig.o(CL$$defsig) for __default_signal_handler
    defsig_general.o(.text) refers to sys_wrch.o(.text) for _ttywrch
    sys_wrch.o(.text) refers (Special) to use_no_semi.o(.text) for __I$use$semihosting
    sys_wrch.o(.text) refers (Special) to indicate_semi.o(.text) for __semihosting_library_function
    defsig.o(CL$$defsig) refers to defsig_rtmem_inner.o(.text) for __rt_SIGRTMEM_inner
    defsig_abrt_inner.o(.text) refers to defsig_general.o(.text) for __default_signal_display
    defsig_fpe_inner.o(.text) refers to defsig_general.o(.text) for __default_signal_display
    defsig_rtred_inner.o(.text) refers to defsig_general.o(.text) for __default_signal_display
    defsig_stak_inner.o(.text) refers to defsig_general.o(.text) for __default_signal_display
    defsig_pvfn_inner.o(.text) refers to defsig_general.o(.text) for __default_signal_display
    defsig_cppl_inner.o(.text) refers to defsig_general.o(.text) for __default_signal_display
    defsig_segv_inner.o(.text) refers to defsig_general.o(.text) for __default_signal_display
    defsig_other.o(.text) refers to defsig_general.o(.text) for __default_signal_display


==============================================================================

Removing Unused input sections from the image.

    Removing wdg.o(.text), (44 bytes).
    Removing sys.o(.emb_text), (6 bytes).
    Removing core_cm3.o(.emb_text), (32 bytes).
    Removing stm32f10x_wwdg.o(.text), (136 bytes).
    Removing stm32f10x_iwdg.o(.text), (64 bytes).

5 unused section(s) (total 282 bytes) removed from the image.

==============================================================================

Image Symbol Table

    Local Symbols

    Symbol Name                              Value     Ov Type        Size  Object(Section)

    ../clib/angel/boardlib.s                 0x00000000   Number         0  boardinit3.o ABSOLUTE
    ../clib/angel/boardlib.s                 0x00000000   Number         0  boardinit2.o ABSOLUTE
    ../clib/angel/boardlib.s                 0x00000000   Number         0  boardinit1.o ABSOLUTE
    ../clib/angel/boardlib.s                 0x00000000   Number         0  boardshut.o ABSOLUTE
    ../clib/angel/handlers.s                 0x00000000   Number         0  __scatter_copy.o ABSOLUTE
    ../clib/angel/handlers.s                 0x00000000   Number         0  __scatter_zi.o ABSOLUTE
    ../clib/angel/kernel.s                   0x00000000   Number         0  rtexit2.o ABSOLUTE
    ../clib/angel/kernel.s                   0x00000000   Number         0  rtexit.o ABSOLUTE
    ../clib/angel/kernel.s                   0x00000000   Number         0  __rtentry2.o ABSOLUTE
    ../clib/angel/kernel.s                   0x00000000   Number         0  __rtentry4.o ABSOLUTE
    ../clib/angel/kernel.s                   0x00000000   Number         0  __rtentry.o ABSOLUTE
    ../clib/angel/rt.s                       0x00000000   Number         0  rt_raise.o ABSOLUTE
    ../clib/angel/scatter.s                  0x00000000   Number         0  __scatter.o ABSOLUTE
    ../clib/angel/startup.s                  0x00000000   Number         0  __main.o ABSOLUTE
    ../clib/angel/sys.s                      0x00000000   Number         0  use_no_semi.o ABSOLUTE
    ../clib/angel/sys.s                      0x00000000   Number         0  libspace.o ABSOLUTE
    ../clib/angel/sys.s                      0x00000000   Number         0  indicate_semi.o ABSOLUTE
    ../clib/angel/sys.s                      0x00000000   Number         0  use_no_semi_2.o ABSOLUTE
    ../clib/angel/sys.s                      0x00000000   Number         0  sys_stackheap_outer.o ABSOLUTE
    ../clib/angel/sysapp.c                   0x00000000   Number         0  sys_wrch.o ABSOLUTE
    ../clib/angel/sysapp.c                   0x00000000   Number         0  sys_command.o ABSOLUTE
    ../clib/armsys.c                         0x00000000   Number         0  no_argv.o ABSOLUTE
    ../clib/armsys.c                         0x00000000   Number         0  _get_argv_nomalloc.o ABSOLUTE
    ../clib/armsys.c                         0x00000000   Number         0  argv_veneer.o ABSOLUTE
    ../clib/armsys.c                         0x00000000   Number         0  argv_veneer.o ABSOLUTE
    ../clib/heapalloc.c                      0x00000000   Number         0  hrguard.o ABSOLUTE
    ../clib/heapaux.c                        0x00000000   Number         0  heapauxi.o ABSOLUTE
    ../clib/libinit.s                        0x00000000   Number         0  libshutdown2.o ABSOLUTE
    ../clib/libinit.s                        0x00000000   Number         0  libinit2.o ABSOLUTE
    ../clib/libinit.s                        0x00000000   Number         0  libshutdown.o ABSOLUTE
    ../clib/libinit.s                        0x00000000   Number         0  libinit.o ABSOLUTE
    ../clib/memcpset.s                       0x00000000   Number         0  rt_memclr_w.o ABSOLUTE
    ../clib/memcpset.s                       0x00000000   Number         0  strcmpv7m.o ABSOLUTE
    ../clib/memcpset.s                       0x00000000   Number         0  rt_memclr.o ABSOLUTE
    ../clib/printf.c                         0x00000000   Number         0  __printf_nopercent.o ABSOLUTE
    ../clib/printf.c                         0x00000000   Number         0  __printf_flags_ss.o ABSOLUTE
    ../clib/printf.c                         0x00000000   Number         0  __2sprintf.o ABSOLUTE
    ../clib/printf.c                         0x00000000   Number         0  __printf_ss.o ABSOLUTE
    ../clib/printf.c                         0x00000000   Number         0  __2printf.o ABSOLUTE
    ../clib/printf.c                         0x00000000   Number         0  __printf_flags.o ABSOLUTE
    ../clib/printf.c                         0x00000000   Number         0  _printf_str.o ABSOLUTE
    ../clib/printf.c                         0x00000000   Number         0  __printf.o ABSOLUTE
    ../clib/printf.c                         0x00000000   Number         0  noretval__2printf.o ABSOLUTE
    ../clib/printf.c                         0x00000000   Number         0  noretval__2sprintf.o ABSOLUTE
    ../clib/printf.c                         0x00000000   Number         0  _printf_char_file.o ABSOLUTE
    ../clib/printf.c                         0x00000000   Number         0  _printf_char_common.o ABSOLUTE
    ../clib/printf.c                         0x00000000   Number         0  _sputc.o ABSOLUTE
    ../clib/printf.c                         0x00000000   Number         0  _printf_char.o ABSOLUTE
    ../clib/printf.c                         0x00000000   Number         0  __printf_flags_wp.o ABSOLUTE
    ../clib/printf.c                         0x00000000   Number         0  __printf_flags_ss_wp.o ABSOLUTE
    ../clib/printf.c                         0x00000000   Number         0  __printf_ss_wp.o ABSOLUTE
    ../clib/printf.c                         0x00000000   Number         0  __printf_wp.o ABSOLUTE
    ../clib/printf_percent.s                 0x00000000   Number         0  _printf_c.o ABSOLUTE
    ../clib/printf_percent.s                 0x00000000   Number         0  _printf_percent_end.o ABSOLUTE
    ../clib/printf_percent.s                 0x00000000   Number         0  _printf_percent.o ABSOLUTE
    ../clib/signal.c                         0x00000000   Number         0  defsig_general.o ABSOLUTE
    ../clib/signal.c                         0x00000000   Number         0  __raise.o ABSOLUTE
    ../clib/signal.c                         0x00000000   Number         0  defsig_rtmem_inner.o ABSOLUTE
    ../clib/signal.c                         0x00000000   Number         0  defsig_other.o ABSOLUTE
    ../clib/signal.c                         0x00000000   Number         0  defsig_rtmem_formal.o ABSOLUTE
    ../clib/signal.c                         0x00000000   Number         0  defsig_rtmem_outer.o ABSOLUTE
    ../clib/signal.c                         0x00000000   Number         0  defsig_exit.o ABSOLUTE
    ../clib/signal.c                         0x00000000   Number         0  defsig_pvfn_inner.o ABSOLUTE
    ../clib/signal.c                         0x00000000   Number         0  defsig_rtred_inner.o ABSOLUTE
    ../clib/signal.c                         0x00000000   Number         0  defsig_stak_inner.o ABSOLUTE
    ../clib/signal.c                         0x00000000   Number         0  defsig_abrt_inner.o ABSOLUTE
    ../clib/signal.c                         0x00000000   Number         0  defsig_fpe_inner.o ABSOLUTE
    ../clib/signal.c                         0x00000000   Number         0  defsig_cppl_inner.o ABSOLUTE
    ../clib/signal.c                         0x00000000   Number         0  defsig_segv_inner.o ABSOLUTE
    ../clib/signal.s                         0x00000000   Number         0  defsig.o ABSOLUTE
    ../clib/stdio.c                          0x00000000   Number         0  ferror.o ABSOLUTE
    ../clib/stdio.c                          0x00000000   Number         0  ferror_locked.o ABSOLUTE
    ../clib/stdlib.c                         0x00000000   Number         0  exit.o ABSOLUTE
    ../clib/string.c                         0x00000000   Number         0  strlen.o ABSOLUTE
    ../fplib/fpinit.s                        0x00000000   Number         0  fpinit.o ABSOLUTE
    ..\CORE\core_cm3.c                       0x00000000   Number         0  core_cm3.o ABSOLUTE
    ..\CORE\startup_stm32f10x_hd.s           0x00000000   Number         0  startup_stm32f10x_hd.o ABSOLUTE
    ..\HARDWARE\KEY\key.c                    0x00000000   Number         0  key.o ABSOLUTE
    ..\HARDWARE\LED\led.c                    0x00000000   Number         0  led.o ABSOLUTE
    ..\HARDWARE\SMAllSTEPMOTOR1\stepmotor1.c 0x00000000   Number         0  stepmotor1.o ABSOLUTE
    ..\HARDWARE\SMAllSTEPMOTOR2\stepmotor2.c 0x00000000   Number         0  stepmotor2.o ABSOLUTE
    ..\HARDWARE\SMAllSTEPMOTOR3\stepmotor3.c 0x00000000   Number         0  stepmotor3.o ABSOLUTE
    ..\HARDWARE\STEPMOTOR\stepmotor_big.c    0x00000000   Number         0  stepmotor_big.o ABSOLUTE
    ..\HARDWARE\TACTSWITCH\tactswitch.c      0x00000000   Number         0  tactswitch.o ABSOLUTE
    ..\HARDWARE\TIMER\timer.c                0x00000000   Number         0  timer.o ABSOLUTE
    ..\HARDWARE\WDG\wdg.c                    0x00000000   Number         0  wdg.o ABSOLUTE
    ..\STM32F10x_FWLib\src\misc.c            0x00000000   Number         0  misc.o ABSOLUTE
    ..\STM32F10x_FWLib\src\stm32f10x_exti.c  0x00000000   Number         0  stm32f10x_exti.o ABSOLUTE
    ..\STM32F10x_FWLib\src\stm32f10x_gpio.c  0x00000000   Number         0  stm32f10x_gpio.o ABSOLUTE
    ..\STM32F10x_FWLib\src\stm32f10x_iwdg.c  0x00000000   Number         0  stm32f10x_iwdg.o ABSOLUTE
    ..\STM32F10x_FWLib\src\stm32f10x_rcc.c   0x00000000   Number         0  stm32f10x_rcc.o ABSOLUTE
    ..\STM32F10x_FWLib\src\stm32f10x_tim.c   0x00000000   Number         0  stm32f10x_tim.o ABSOLUTE
    ..\STM32F10x_FWLib\src\stm32f10x_usart.c 0x00000000   Number         0  stm32f10x_usart.o ABSOLUTE
    ..\STM32F10x_FWLib\src\stm32f10x_wwdg.c  0x00000000   Number         0  stm32f10x_wwdg.o ABSOLUTE
    ..\SYSTEM\delay\delay.c                  0x00000000   Number         0  delay.o ABSOLUTE
    ..\SYSTEM\sys\sys.c                      0x00000000   Number         0  sys.o ABSOLUTE
    ..\SYSTEM\usart\usart.c                  0x00000000   Number         0  usart.o ABSOLUTE
    ..\\CORE\\core_cm3.c                     0x00000000   Number         0  core_cm3.o ABSOLUTE
    ..\\SYSTEM\\sys\\sys.c                   0x00000000   Number         0  sys.o ABSOLUTE
    dc.s                                     0x00000000   Number         0  dc.o ABSOLUTE
    main.c                                   0x00000000   Number         0  main.o ABSOLUTE
    stm32f10x_it.c                           0x00000000   Number         0  stm32f10x_it.o ABSOLUTE
    system_stm32f10x.c                       0x00000000   Number         0  system_stm32f10x.o ABSOLUTE
    RESET                                    0x08000000   Section      304  startup_stm32f10x_hd.o(RESET)
    !!!main                                  0x08000130   Section        8  __main.o(!!!main)
    !!!scatter                               0x08000138   Section       52  __scatter.o(!!!scatter)
    !!handler_copy                           0x0800016c   Section       26  __scatter_copy.o(!!handler_copy)
    !!handler_zi                             0x08000188   Section       28  __scatter_zi.o(!!handler_zi)
    .ARM.Collect$$_printf_percent$$00000000  0x080001a4   Section        0  _printf_percent.o(.ARM.Collect$$_printf_percent$$00000000)
    .ARM.Collect$$_printf_percent$$00000013  0x080001a4   Section        6  _printf_c.o(.ARM.Collect$$_printf_percent$$00000013)
    .ARM.Collect$$_printf_percent$$00000017  0x080001aa   Section        4  _printf_percent_end.o(.ARM.Collect$$_printf_percent$$00000017)
    .ARM.Collect$$libinit$$00000000          0x080001ae   Section        2  libinit.o(.ARM.Collect$$libinit$$00000000)
    .ARM.Collect$$libinit$$00000002          0x080001b0   Section        0  libinit2.o(.ARM.Collect$$libinit$$00000002)
    .ARM.Collect$$libinit$$00000004          0x080001b0   Section        0  libinit2.o(.ARM.Collect$$libinit$$00000004)
    .ARM.Collect$$libinit$$0000000A          0x080001b0   Section        0  libinit2.o(.ARM.Collect$$libinit$$0000000A)
    .ARM.Collect$$libinit$$0000000C          0x080001b0   Section        0  libinit2.o(.ARM.Collect$$libinit$$0000000C)
    .ARM.Collect$$libinit$$0000000E          0x080001b0   Section        0  libinit2.o(.ARM.Collect$$libinit$$0000000E)
    .ARM.Collect$$libinit$$00000011          0x080001b0   Section        0  libinit2.o(.ARM.Collect$$libinit$$00000011)
    .ARM.Collect$$libinit$$00000013          0x080001b0   Section        0  libinit2.o(.ARM.Collect$$libinit$$00000013)
    .ARM.Collect$$libinit$$00000015          0x080001b0   Section        0  libinit2.o(.ARM.Collect$$libinit$$00000015)
    .ARM.Collect$$libinit$$00000017          0x080001b0   Section        0  libinit2.o(.ARM.Collect$$libinit$$00000017)
    .ARM.Collect$$libinit$$00000019          0x080001b0   Section        0  libinit2.o(.ARM.Collect$$libinit$$00000019)
    .ARM.Collect$$libinit$$0000001B          0x080001b0   Section        0  libinit2.o(.ARM.Collect$$libinit$$0000001B)
    .ARM.Collect$$libinit$$0000001D          0x080001b0   Section        0  libinit2.o(.ARM.Collect$$libinit$$0000001D)
    .ARM.Collect$$libinit$$0000001F          0x080001b0   Section        0  libinit2.o(.ARM.Collect$$libinit$$0000001F)
    .ARM.Collect$$libinit$$00000021          0x080001b0   Section        0  libinit2.o(.ARM.Collect$$libinit$$00000021)
    .ARM.Collect$$libinit$$00000023          0x080001b0   Section        0  libinit2.o(.ARM.Collect$$libinit$$00000023)
    .ARM.Collect$$libinit$$00000025          0x080001b0   Section        0  libinit2.o(.ARM.Collect$$libinit$$00000025)
    .ARM.Collect$$libinit$$0000002C          0x080001b0   Section        0  libinit2.o(.ARM.Collect$$libinit$$0000002C)
    .ARM.Collect$$libinit$$0000002E          0x080001b0   Section        0  libinit2.o(.ARM.Collect$$libinit$$0000002E)
    .ARM.Collect$$libinit$$00000030          0x080001b0   Section        0  libinit2.o(.ARM.Collect$$libinit$$00000030)
    .ARM.Collect$$libinit$$00000032          0x080001b0   Section        0  libinit2.o(.ARM.Collect$$libinit$$00000032)
    .ARM.Collect$$libinit$$00000033          0x080001b0   Section        2  libinit2.o(.ARM.Collect$$libinit$$00000033)
    .ARM.Collect$$libshutdown$$00000000      0x080001b2   Section        2  libshutdown.o(.ARM.Collect$$libshutdown$$00000000)
    .ARM.Collect$$libshutdown$$00000002      0x080001b4   Section        0  libshutdown2.o(.ARM.Collect$$libshutdown$$00000002)
    .ARM.Collect$$libshutdown$$00000004      0x080001b4   Section        0  libshutdown2.o(.ARM.Collect$$libshutdown$$00000004)
    .ARM.Collect$$libshutdown$$00000007      0x080001b4   Section        0  libshutdown2.o(.ARM.Collect$$libshutdown$$00000007)
    .ARM.Collect$$libshutdown$$0000000A      0x080001b4   Section        0  libshutdown2.o(.ARM.Collect$$libshutdown$$0000000A)
    .ARM.Collect$$libshutdown$$0000000C      0x080001b4   Section        0  libshutdown2.o(.ARM.Collect$$libshutdown$$0000000C)
    .ARM.Collect$$libshutdown$$0000000F      0x080001b4   Section        0  libshutdown2.o(.ARM.Collect$$libshutdown$$0000000F)
    .ARM.Collect$$libshutdown$$00000010      0x080001b4   Section        2  libshutdown2.o(.ARM.Collect$$libshutdown$$00000010)
    .ARM.Collect$$rtentry$$00000000          0x080001b6   Section        0  __rtentry.o(.ARM.Collect$$rtentry$$00000000)
    .ARM.Collect$$rtentry$$00000002          0x080001b6   Section        0  __rtentry2.o(.ARM.Collect$$rtentry$$00000002)
    .ARM.Collect$$rtentry$$00000004          0x080001b6   Section        6  __rtentry4.o(.ARM.Collect$$rtentry$$00000004)
    .ARM.Collect$$rtentry$$00000009          0x080001bc   Section        0  __rtentry2.o(.ARM.Collect$$rtentry$$00000009)
    .ARM.Collect$$rtentry$$0000000A          0x080001bc   Section        4  __rtentry2.o(.ARM.Collect$$rtentry$$0000000A)
    .ARM.Collect$$rtentry$$0000000C          0x080001c0   Section        0  __rtentry2.o(.ARM.Collect$$rtentry$$0000000C)
    .ARM.Collect$$rtentry$$0000000D          0x080001c0   Section        8  __rtentry2.o(.ARM.Collect$$rtentry$$0000000D)
    .ARM.Collect$$rtexit$$00000000           0x080001c8   Section        2  rtexit.o(.ARM.Collect$$rtexit$$00000000)
    .ARM.Collect$$rtexit$$00000002           0x080001ca   Section        0  rtexit2.o(.ARM.Collect$$rtexit$$00000002)
    .ARM.Collect$$rtexit$$00000003           0x080001ca   Section        4  rtexit2.o(.ARM.Collect$$rtexit$$00000003)
    .ARM.Collect$$rtexit$$00000004           0x080001ce   Section        6  rtexit2.o(.ARM.Collect$$rtexit$$00000004)
    .text                                    0x080001d4   Section        0  main.o(.text)
    .text                                    0x0800055c   Section        0  stm32f10x_it.o(.text)
    .text                                    0x08000578   Section        0  system_stm32f10x.o(.text)
    SetSysClockTo72                          0x08000579   Thumb Code   214  system_stm32f10x.o(.text)
    SetSysClock                              0x0800064f   Thumb Code     8  system_stm32f10x.o(.text)
    .text                                    0x08000758   Section        0  usart.o(.text)
    .text                                    0x08000898   Section        0  timer.o(.text)
    .text                                    0x08000b90   Section        0  led.o(.text)
    .text                                    0x08000d4c   Section        0  key.o(.text)
    .text                                    0x08000da4   Section        0  stepmotor_big.o(.text)
    .text                                    0x08000e5c   Section        0  stepmotor1.o(.text)
    .text                                    0x08001194   Section        0  stepmotor2.o(.text)
    .text                                    0x080014cc   Section        0  stepmotor3.o(.text)
    .text                                    0x080017a0   Section        0  tactswitch.o(.text)
    .text                                    0x08001908   Section        0  delay.o(.text)
    .text                                    0x080019dc   Section        0  sys.o(.text)
    .text                                    0x08001a88   Section       64  startup_stm32f10x_hd.o(.text)
    .text                                    0x08001ac8   Section        0  misc.o(.text)
    .text                                    0x08001ba4   Section        0  stm32f10x_gpio.o(.text)
    .text                                    0x08001f00   Section        0  stm32f10x_rcc.o(.text)
    .text                                    0x080022a4   Section        0  stm32f10x_tim.o(.text)
    TI4_Config                               0x0800274b   Thumb Code   130  stm32f10x_tim.o(.text)
    TI3_Config                               0x080027df   Thumb Code   122  stm32f10x_tim.o(.text)
    TI2_Config                               0x08002873   Thumb Code   130  stm32f10x_tim.o(.text)
    TI1_Config                               0x08002907   Thumb Code   108  stm32f10x_tim.o(.text)
    .text                                    0x080030c0   Section        0  stm32f10x_usart.o(.text)
    .text                                    0x080034c8   Section        0  stm32f10x_exti.o(.text)
    .text                                    0x080035e4   Section        2  use_no_semi_2.o(.text)
    .text                                    0x080035e8   Section        0  noretval__2printf.o(.text)
    .text                                    0x08003600   Section        0  noretval__2sprintf.o(.text)
    .text                                    0x08003628   Section        0  __printf.o(.text)
    .text                                    0x08003690   Section        0  _printf_str.o(.text)
    .text                                    0x080036e2   Section        0  strlen.o(.text)
    .text                                    0x08003720   Section       68  rt_memclr.o(.text)
    .text                                    0x08003764   Section      128  strcmpv7m.o(.text)
    .text                                    0x080037e4   Section        0  heapauxi.o(.text)
    .text                                    0x080037ea   Section        2  use_no_semi.o(.text)
    .text                                    0x080037ec   Section        0  _printf_char_common.o(.text)
    _printf_input_char                       0x080037ed   Thumb Code    10  _printf_char_common.o(.text)
    .text                                    0x0800381c   Section        0  _sputc.o(.text)
    .text                                    0x08003826   Section        0  _printf_char.o(.text)
    .text                                    0x08003854   Section        0  _printf_char_file.o(.text)
    .text                                    0x08003878   Section       78  rt_memclr_w.o(.text)
    .text                                    0x080038c6   Section        0  ferror.o(.text)
    .text                                    0x080038ce   Section       74  sys_stackheap_outer.o(.text)
    .text                                    0x08003918   Section        0  exit.o(.text)
    .text                                    0x0800392c   Section        8  libspace.o(.text)
    .data                                    0x20000000   Section       25  main.o(.data)
    .data                                    0x2000001c   Section       20  system_stm32f10x.o(.data)
    .data                                    0x20000030   Section        6  usart.o(.data)
    .data                                    0x20000036   Section        2  timer.o(.data)
    .data                                    0x20000038   Section        8  stepmotor1.o(.data)
    .data                                    0x20000040   Section        8  stepmotor2.o(.data)
    .data                                    0x20000048   Section        8  stepmotor3.o(.data)
    .data                                    0x20000050   Section        4  delay.o(.data)
    fac_us                                   0x20000050   Data           1  delay.o(.data)
    fac_ms                                   0x20000052   Data           2  delay.o(.data)
    .data                                    0x20000054   Section       20  stm32f10x_rcc.o(.data)
    APBAHBPrescTable                         0x20000054   Data          16  stm32f10x_rcc.o(.data)
    ADCPrescTable                            0x20000064   Data           4  stm32f10x_rcc.o(.data)
    .bss                                     0x20000068   Section      512  main.o(.bss)
    .bss                                     0x20000268   Section      200  usart.o(.bss)
    .bss                                     0x20000330   Section       52  stepmotor_big.o(.bss)
    .bss                                     0x20000364   Section       96  libspace.o(.bss)
    HEAP                                     0x200003c8   Section      512  startup_stm32f10x_hd.o(HEAP)
    Heap_Mem                                 0x200003c8   Data         512  startup_stm32f10x_hd.o(HEAP)
    STACK                                    0x200005c8   Section     1024  startup_stm32f10x_hd.o(STACK)
    Stack_Mem                                0x200005c8   Data        1024  startup_stm32f10x_hd.o(STACK)
    __initial_sp                             0x200009c8   Data           0  startup_stm32f10x_hd.o(STACK)

    Global Symbols

    Symbol Name                              Value     Ov Type        Size  Object(Section)

    BuildAttributes$$THM_ISAv4$P$D$K$B$S$PE$A:L22UL41UL21$X:L11$S22US41US21$IEEE1$IW$USESV6$~STKCKD$USESV7$~SHL$OSPACE$ROPI$EBA8$UX$STANDARDLIB$REQ8$PRES8$EABIv2 0x00000000   Number         0  anon$$obj.o ABSOLUTE
    __ARM_use_no_argv                        0x00000000   Number         0  main.o ABSOLUTE
    __ARM_exceptions_init                     - Undefined Weak Reference
    __alloca_initialize                       - Undefined Weak Reference
    __arm_preinit_                            - Undefined Weak Reference
    __cpp_initialize__aeabi_                  - Undefined Weak Reference
    __cxa_finalize                            - Undefined Weak Reference
    __rt_locale                               - Undefined Weak Reference
    __sigvec_lookup                           - Undefined Weak Reference
    _atexit_init                              - Undefined Weak Reference
    _call_atexit_fns                          - Undefined Weak Reference
    _clock_init                               - Undefined Weak Reference
    _fp_trap_init                             - Undefined Weak Reference
    _fp_trap_shutdown                         - Undefined Weak Reference
    _get_lc_collate                           - Undefined Weak Reference
    _get_lc_ctype                             - Undefined Weak Reference
    _get_lc_monetary                          - Undefined Weak Reference
    _get_lc_numeric                           - Undefined Weak Reference
    _get_lc_time                              - Undefined Weak Reference
    _getenv_init                              - Undefined Weak Reference
    _handle_redirection                       - Undefined Weak Reference
    _init_alloc                               - Undefined Weak Reference
    _init_user_alloc                          - Undefined Weak Reference
    _initio                                   - Undefined Weak Reference
    _mutex_acquire                            - Undefined Weak Reference
    _mutex_release                            - Undefined Weak Reference
    _printf_mbtowc                            - Undefined Weak Reference
    _printf_post_padding                      - Undefined Weak Reference
    _printf_pre_padding                       - Undefined Weak Reference
    _rand_init                                - Undefined Weak Reference
    _signal_finish                            - Undefined Weak Reference
    _signal_init                              - Undefined Weak Reference
    _terminate_alloc                          - Undefined Weak Reference
    _terminate_user_alloc                     - Undefined Weak Reference
    _terminateio                              - Undefined Weak Reference
    __Vectors_Size                           0x00000130   Number         0  startup_stm32f10x_hd.o ABSOLUTE
    __Vectors                                0x08000000   Data           4  startup_stm32f10x_hd.o(RESET)
    __Vectors_End                            0x08000130   Data           0  startup_stm32f10x_hd.o(RESET)
    __main                                   0x08000131   Thumb Code     8  __main.o(!!!main)
    __scatterload                            0x08000139   Thumb Code     0  __scatter.o(!!!scatter)
    __scatterload_rt2                        0x08000139   Thumb Code    44  __scatter.o(!!!scatter)
    __scatterload_rt2_thumb_only             0x08000139   Thumb Code     0  __scatter.o(!!!scatter)
    __scatterload_null                       0x08000147   Thumb Code     0  __scatter.o(!!!scatter)
    __scatterload_copy                       0x0800016d   Thumb Code    26  __scatter_copy.o(!!handler_copy)
    __scatterload_zeroinit                   0x08000189   Thumb Code    28  __scatter_zi.o(!!handler_zi)
    _printf_c                                0x080001a5   Thumb Code     0  _printf_c.o(.ARM.Collect$$_printf_percent$$00000013)
    _printf_percent                          0x080001a5   Thumb Code     0  _printf_percent.o(.ARM.Collect$$_printf_percent$$00000000)
    _printf_percent_end                      0x080001ab   Thumb Code     0  _printf_percent_end.o(.ARM.Collect$$_printf_percent$$00000017)
    __rt_lib_init                            0x080001af   Thumb Code     0  libinit.o(.ARM.Collect$$libinit$$00000000)
    __rt_lib_init_alloca_1                   0x080001b1   Thumb Code     0  libinit2.o(.ARM.Collect$$libinit$$0000002E)
    __rt_lib_init_argv_1                     0x080001b1   Thumb Code     0  libinit2.o(.ARM.Collect$$libinit$$0000002C)
    __rt_lib_init_atexit_1                   0x080001b1   Thumb Code     0  libinit2.o(.ARM.Collect$$libinit$$0000001B)
    __rt_lib_init_clock_1                    0x080001b1   Thumb Code     0  libinit2.o(.ARM.Collect$$libinit$$00000021)
    __rt_lib_init_cpp_1                      0x080001b1   Thumb Code     0  libinit2.o(.ARM.Collect$$libinit$$00000032)
    __rt_lib_init_exceptions_1               0x080001b1   Thumb Code     0  libinit2.o(.ARM.Collect$$libinit$$00000030)
    __rt_lib_init_fp_1                       0x080001b1   Thumb Code     0  libinit2.o(.ARM.Collect$$libinit$$00000002)
    __rt_lib_init_fp_trap_1                  0x080001b1   Thumb Code     0  libinit2.o(.ARM.Collect$$libinit$$0000001F)
    __rt_lib_init_getenv_1                   0x080001b1   Thumb Code     0  libinit2.o(.ARM.Collect$$libinit$$00000023)
    __rt_lib_init_heap_1                     0x080001b1   Thumb Code     0  libinit2.o(.ARM.Collect$$libinit$$0000000A)
    __rt_lib_init_lc_collate_1               0x080001b1   Thumb Code     0  libinit2.o(.ARM.Collect$$libinit$$00000011)
    __rt_lib_init_lc_ctype_1                 0x080001b1   Thumb Code     0  libinit2.o(.ARM.Collect$$libinit$$00000013)
    __rt_lib_init_lc_monetary_1              0x080001b1   Thumb Code     0  libinit2.o(.ARM.Collect$$libinit$$00000015)
    __rt_lib_init_lc_numeric_1               0x080001b1   Thumb Code     0  libinit2.o(.ARM.Collect$$libinit$$00000017)
    __rt_lib_init_lc_time_1                  0x080001b1   Thumb Code     0  libinit2.o(.ARM.Collect$$libinit$$00000019)
    __rt_lib_init_preinit_1                  0x080001b1   Thumb Code     0  libinit2.o(.ARM.Collect$$libinit$$00000004)
    __rt_lib_init_rand_1                     0x080001b1   Thumb Code     0  libinit2.o(.ARM.Collect$$libinit$$0000000E)
    __rt_lib_init_return                     0x080001b1   Thumb Code     0  libinit2.o(.ARM.Collect$$libinit$$00000033)
    __rt_lib_init_signal_1                   0x080001b1   Thumb Code     0  libinit2.o(.ARM.Collect$$libinit$$0000001D)
    __rt_lib_init_stdio_1                    0x080001b1   Thumb Code     0  libinit2.o(.ARM.Collect$$libinit$$00000025)
    __rt_lib_init_user_alloc_1               0x080001b1   Thumb Code     0  libinit2.o(.ARM.Collect$$libinit$$0000000C)
    __rt_lib_shutdown                        0x080001b3   Thumb Code     0  libshutdown.o(.ARM.Collect$$libshutdown$$00000000)
    __rt_lib_shutdown_cpp_1                  0x080001b5   Thumb Code     0  libshutdown2.o(.ARM.Collect$$libshutdown$$00000002)
    __rt_lib_shutdown_fp_trap_1              0x080001b5   Thumb Code     0  libshutdown2.o(.ARM.Collect$$libshutdown$$00000007)
    __rt_lib_shutdown_heap_1                 0x080001b5   Thumb Code     0  libshutdown2.o(.ARM.Collect$$libshutdown$$0000000F)
    __rt_lib_shutdown_return                 0x080001b5   Thumb Code     0  libshutdown2.o(.ARM.Collect$$libshutdown$$00000010)
    __rt_lib_shutdown_signal_1               0x080001b5   Thumb Code     0  libshutdown2.o(.ARM.Collect$$libshutdown$$0000000A)
    __rt_lib_shutdown_stdio_1                0x080001b5   Thumb Code     0  libshutdown2.o(.ARM.Collect$$libshutdown$$00000004)
    __rt_lib_shutdown_user_alloc_1           0x080001b5   Thumb Code     0  libshutdown2.o(.ARM.Collect$$libshutdown$$0000000C)
    __rt_entry                               0x080001b7   Thumb Code     0  __rtentry.o(.ARM.Collect$$rtentry$$00000000)
    __rt_entry_presh_1                       0x080001b7   Thumb Code     0  __rtentry2.o(.ARM.Collect$$rtentry$$00000002)
    __rt_entry_sh                            0x080001b7   Thumb Code     0  __rtentry4.o(.ARM.Collect$$rtentry$$00000004)
    __rt_entry_li                            0x080001bd   Thumb Code     0  __rtentry2.o(.ARM.Collect$$rtentry$$0000000A)
    __rt_entry_postsh_1                      0x080001bd   Thumb Code     0  __rtentry2.o(.ARM.Collect$$rtentry$$00000009)
    __rt_entry_main                          0x080001c1   Thumb Code     0  __rtentry2.o(.ARM.Collect$$rtentry$$0000000D)
    __rt_entry_postli_1                      0x080001c1   Thumb Code     0  __rtentry2.o(.ARM.Collect$$rtentry$$0000000C)
    __rt_exit                                0x080001c9   Thumb Code     0  rtexit.o(.ARM.Collect$$rtexit$$00000000)
    __rt_exit_ls                             0x080001cb   Thumb Code     0  rtexit2.o(.ARM.Collect$$rtexit$$00000003)
    __rt_exit_prels_1                        0x080001cb   Thumb Code     0  rtexit2.o(.ARM.Collect$$rtexit$$00000002)
    __rt_exit_exit                           0x080001cf   Thumb Code     0  rtexit2.o(.ARM.Collect$$rtexit$$00000004)
    initFunction                             0x080001d5   Thumb Code   114  main.o(.text)
    runOver                                  0x08000247   Thumb Code    30  main.o(.text)
    runZeroWhileForWitch                     0x08000265   Thumb Code    46  main.o(.text)
    usartReceiveMessage                      0x08000293   Thumb Code   518  main.o(.text)
    main                                     0x08000499   Thumb Code    12  main.o(.text)
    NMI_Handler                              0x0800055d   Thumb Code     2  stm32f10x_it.o(.text)
    HardFault_Handler                        0x0800055f   Thumb Code     4  stm32f10x_it.o(.text)
    MemManage_Handler                        0x08000563   Thumb Code     4  stm32f10x_it.o(.text)
    BusFault_Handler                         0x08000567   Thumb Code     4  stm32f10x_it.o(.text)
    UsageFault_Handler                       0x0800056b   Thumb Code     4  stm32f10x_it.o(.text)
    SVC_Handler                              0x0800056f   Thumb Code     2  stm32f10x_it.o(.text)
    DebugMon_Handler                         0x08000571   Thumb Code     2  stm32f10x_it.o(.text)
    PendSV_Handler                           0x08000573   Thumb Code     2  stm32f10x_it.o(.text)
    SysTick_Handler                          0x08000575   Thumb Code     2  stm32f10x_it.o(.text)
    SystemInit                               0x08000657   Thumb Code    78  system_stm32f10x.o(.text)
    SystemCoreClockUpdate                    0x080006a5   Thumb Code   142  system_stm32f10x.o(.text)
    _sys_exit                                0x08000759   Thumb Code     4  usart.o(.text)
    fputc                                    0x0800075d   Thumb Code    24  usart.o(.text)
    uart_init                                0x08000775   Thumb Code   152  usart.o(.text)
    USART1_IRQHandler                        0x0800080d   Thumb Code   122  usart.o(.text)
    TIM3_TIME_Init                           0x08000899   Thumb Code    90  timer.o(.text)
    TIME3_START_WITHTIME                     0x080008f3   Thumb Code    18  timer.o(.text)
    TIME3_CLOSE_WITHTIME                     0x08000905   Thumb Code    12  timer.o(.text)
    TIM4_Int_Init                            0x08000911   Thumb Code    72  timer.o(.text)
    TIM5_Int_Init                            0x08000959   Thumb Code    72  timer.o(.text)
    MotorCalculateSpeed                      0x080009a1   Thumb Code   120  timer.o(.text)
    Motor0TimeSet                            0x08000a19   Thumb Code     6  timer.o(.text)
    MotorRunState                            0x08000a1f   Thumb Code   190  timer.o(.text)
    TIM3_IRQHandler                          0x08000add   Thumb Code    40  timer.o(.text)
    TIM4_IRQHandler                          0x08000b05   Thumb Code    36  timer.o(.text)
    TIM5_IRQHandler                          0x08000b29   Thumb Code    62  timer.o(.text)
    LED_Init                                 0x08000b91   Thumb Code    32  led.o(.text)
    LED_Init2                                0x08000bb1   Thumb Code    52  led.o(.text)
    LowAngleLightInit                        0x08000be5   Thumb Code    50  led.o(.text)
    Flash_Trigger_Init                       0x08000c17   Thumb Code    70  led.o(.text)
    UVOpen                                   0x08000c5d   Thumb Code     8  led.o(.text)
    WhiteOpen                                0x08000c65   Thumb Code    10  led.o(.text)
    FillLampOpen                             0x08000c6f   Thumb Code    14  led.o(.text)
    LowAngle1Open                            0x08000c7d   Thumb Code    10  led.o(.text)
    LowAngle2Open                            0x08000c87   Thumb Code    10  led.o(.text)
    LowAngle3Open                            0x08000c91   Thumb Code    10  led.o(.text)
    LowAngle4Open                            0x08000c9b   Thumb Code    10  led.o(.text)
    LightClose                               0x08000ca5   Thumb Code   138  led.o(.text)
    KEY_Init                                 0x08000d4d   Thumb Code    74  key.o(.text)
    PWM_IO_Init                              0x08000da5   Thumb Code    58  stepmotor_big.o(.text)
    speed_cntr_Move                          0x08000ddf   Thumb Code   118  stepmotor_big.o(.text)
    StepMotor1_Init                          0x08000e5d   Thumb Code    46  stepmotor1.o(.text)
    StepMotor1_Clockwise                     0x08000e8b   Thumb Code   272  stepmotor1.o(.text)
    StepMotor1_AntiClockwise                 0x08000f9b   Thumb Code   272  stepmotor1.o(.text)
    StepMotor1_AntiClockwise_Digree          0x080010ab   Thumb Code    92  stepmotor1.o(.text)
    StepMotor1_Clockwise_Digree              0x08001107   Thumb Code    92  stepmotor1.o(.text)
    StepMotor1_Stop                          0x08001163   Thumb Code    26  stepmotor1.o(.text)
    StepMotor2_Init                          0x08001195   Thumb Code    46  stepmotor2.o(.text)
    StepMotor2_Clockwise                     0x080011c3   Thumb Code   272  stepmotor2.o(.text)
    StepMotor2_AntiClockwise                 0x080012d3   Thumb Code   272  stepmotor2.o(.text)
    StepMotor2_AntiClockwise_Digree          0x080013e3   Thumb Code    92  stepmotor2.o(.text)
    StepMotor2_Clockwise_Digree              0x0800143f   Thumb Code    92  stepmotor2.o(.text)
    StepMotor2_Stop                          0x0800149b   Thumb Code    26  stepmotor2.o(.text)
    A1_3                                     0x080014cd   Thumb Code    12  stepmotor3.o(.text)
    A0_3                                     0x080014d9   Thumb Code    12  stepmotor3.o(.text)
    B1_3                                     0x080014e5   Thumb Code    12  stepmotor3.o(.text)
    B0_3                                     0x080014f1   Thumb Code    12  stepmotor3.o(.text)
    C1_3                                     0x080014fd   Thumb Code    12  stepmotor3.o(.text)
    C0_3                                     0x08001509   Thumb Code    12  stepmotor3.o(.text)
    D1_3                                     0x08001515   Thumb Code    12  stepmotor3.o(.text)
    D0_3                                     0x08001521   Thumb Code    12  stepmotor3.o(.text)
    Coil_AB3                                 0x0800152d   Thumb Code    20  stepmotor3.o(.text)
    Coil_BC3                                 0x08001541   Thumb Code    20  stepmotor3.o(.text)
    Coil_CD3                                 0x08001555   Thumb Code    20  stepmotor3.o(.text)
    Coil_DA3                                 0x08001569   Thumb Code    20  stepmotor3.o(.text)
    Coil_A3                                  0x0800157d   Thumb Code    20  stepmotor3.o(.text)
    Coil_B3                                  0x08001591   Thumb Code    20  stepmotor3.o(.text)
    Coil_C3                                  0x080015a5   Thumb Code    20  stepmotor3.o(.text)
    Coil_D3                                  0x080015b9   Thumb Code    20  stepmotor3.o(.text)
    Coil_OFF3                                0x080015cd   Thumb Code    20  stepmotor3.o(.text)
    StepMotor3_Init                          0x080015e1   Thumb Code    46  stepmotor3.o(.text)
    StepMotor3_Clockwise                     0x0800160f   Thumb Code   116  stepmotor3.o(.text)
    StepMotor3_AntiClockwise                 0x08001683   Thumb Code   116  stepmotor3.o(.text)
    StepMotor3_AntiClockwise_Digree          0x080016f7   Thumb Code    74  stepmotor3.o(.text)
    StepMotor3_Clockwise_Digree              0x08001741   Thumb Code    72  stepmotor3.o(.text)
    StepMotor3_Stop                          0x08001789   Thumb Code     8  stepmotor3.o(.text)
    TASTSWITCH_IO_Init                       0x080017a1   Thumb Code    40  tactswitch.o(.text)
    PA4_Init                                 0x080017c9   Thumb Code    40  tactswitch.o(.text)
    TACTSWITCH_Init                          0x080017f1   Thumb Code    16  tactswitch.o(.text)
    PA4_EXTI_Init                            0x08001801   Thumb Code   168  tactswitch.o(.text)
    EXTI0_IRQHandler                         0x080018a9   Thumb Code    64  tactswitch.o(.text)
    delay_init                               0x08001909   Thumb Code    50  delay.o(.text)
    delay_us                                 0x0800193b   Thumb Code    72  delay.o(.text)
    delay_ms                                 0x08001983   Thumb Code    72  delay.o(.text)
    MY_NVIC_PriorityGroupConfig              0x080019dd   Thumb Code    32  sys.o(.text)
    MY_NVIC_Init                             0x080019fd   Thumb Code   116  sys.o(.text)
    WFI_SET                                  0x08001a71   Thumb Code     4  sys.o(.text)
    INTX_DISABLE                             0x08001a75   Thumb Code     4  sys.o(.text)
    INTX_ENABLE                              0x08001a79   Thumb Code     4  sys.o(.text)
    Reset_Handler                            0x08001a89   Thumb Code     8  startup_stm32f10x_hd.o(.text)
    ADC1_2_IRQHandler                        0x08001aa3   Thumb Code     0  startup_stm32f10x_hd.o(.text)
    ADC3_IRQHandler                          0x08001aa3   Thumb Code     0  startup_stm32f10x_hd.o(.text)
    CAN1_RX1_IRQHandler                      0x08001aa3   Thumb Code     0  startup_stm32f10x_hd.o(.text)
    CAN1_SCE_IRQHandler                      0x08001aa3   Thumb Code     0  startup_stm32f10x_hd.o(.text)
    DMA1_Channel1_IRQHandler                 0x08001aa3   Thumb Code     0  startup_stm32f10x_hd.o(.text)
    DMA1_Channel2_IRQHandler                 0x08001aa3   Thumb Code     0  startup_stm32f10x_hd.o(.text)
    DMA1_Channel3_IRQHandler                 0x08001aa3   Thumb Code     0  startup_stm32f10x_hd.o(.text)
    DMA1_Channel4_IRQHandler                 0x08001aa3   Thumb Code     0  startup_stm32f10x_hd.o(.text)
    DMA1_Channel5_IRQHandler                 0x08001aa3   Thumb Code     0  startup_stm32f10x_hd.o(.text)
    DMA1_Channel6_IRQHandler                 0x08001aa3   Thumb Code     0  startup_stm32f10x_hd.o(.text)
    DMA1_Channel7_IRQHandler                 0x08001aa3   Thumb Code     0  startup_stm32f10x_hd.o(.text)
    DMA2_Channel1_IRQHandler                 0x08001aa3   Thumb Code     0  startup_stm32f10x_hd.o(.text)
    DMA2_Channel2_IRQHandler                 0x08001aa3   Thumb Code     0  startup_stm32f10x_hd.o(.text)
    DMA2_Channel3_IRQHandler                 0x08001aa3   Thumb Code     0  startup_stm32f10x_hd.o(.text)
    DMA2_Channel4_5_IRQHandler               0x08001aa3   Thumb Code     0  startup_stm32f10x_hd.o(.text)
    EXTI15_10_IRQHandler                     0x08001aa3   Thumb Code     0  startup_stm32f10x_hd.o(.text)
    EXTI1_IRQHandler                         0x08001aa3   Thumb Code     0  startup_stm32f10x_hd.o(.text)
    EXTI2_IRQHandler                         0x08001aa3   Thumb Code     0  startup_stm32f10x_hd.o(.text)
    EXTI3_IRQHandler                         0x08001aa3   Thumb Code     0  startup_stm32f10x_hd.o(.text)
    EXTI4_IRQHandler                         0x08001aa3   Thumb Code     0  startup_stm32f10x_hd.o(.text)
    EXTI9_5_IRQHandler                       0x08001aa3   Thumb Code     0  startup_stm32f10x_hd.o(.text)
    FLASH_IRQHandler                         0x08001aa3   Thumb Code     0  startup_stm32f10x_hd.o(.text)
    FSMC_IRQHandler                          0x08001aa3   Thumb Code     0  startup_stm32f10x_hd.o(.text)
    I2C1_ER_IRQHandler                       0x08001aa3   Thumb Code     0  startup_stm32f10x_hd.o(.text)
    I2C1_EV_IRQHandler                       0x08001aa3   Thumb Code     0  startup_stm32f10x_hd.o(.text)
    I2C2_ER_IRQHandler                       0x08001aa3   Thumb Code     0  startup_stm32f10x_hd.o(.text)
    I2C2_EV_IRQHandler                       0x08001aa3   Thumb Code     0  startup_stm32f10x_hd.o(.text)
    PVD_IRQHandler                           0x08001aa3   Thumb Code     0  startup_stm32f10x_hd.o(.text)
    RCC_IRQHandler                           0x08001aa3   Thumb Code     0  startup_stm32f10x_hd.o(.text)
    RTCAlarm_IRQHandler                      0x08001aa3   Thumb Code     0  startup_stm32f10x_hd.o(.text)
    RTC_IRQHandler                           0x08001aa3   Thumb Code     0  startup_stm32f10x_hd.o(.text)
    SDIO_IRQHandler                          0x08001aa3   Thumb Code     0  startup_stm32f10x_hd.o(.text)
    SPI1_IRQHandler                          0x08001aa3   Thumb Code     0  startup_stm32f10x_hd.o(.text)
    SPI2_IRQHandler                          0x08001aa3   Thumb Code     0  startup_stm32f10x_hd.o(.text)
    SPI3_IRQHandler                          0x08001aa3   Thumb Code     0  startup_stm32f10x_hd.o(.text)
    TAMPER_IRQHandler                        0x08001aa3   Thumb Code     0  startup_stm32f10x_hd.o(.text)
    TIM1_BRK_IRQHandler                      0x08001aa3   Thumb Code     0  startup_stm32f10x_hd.o(.text)
    TIM1_CC_IRQHandler                       0x08001aa3   Thumb Code     0  startup_stm32f10x_hd.o(.text)
    TIM1_TRG_COM_IRQHandler                  0x08001aa3   Thumb Code     0  startup_stm32f10x_hd.o(.text)
    TIM1_UP_IRQHandler                       0x08001aa3   Thumb Code     0  startup_stm32f10x_hd.o(.text)
    TIM2_IRQHandler                          0x08001aa3   Thumb Code     0  startup_stm32f10x_hd.o(.text)
    TIM6_IRQHandler                          0x08001aa3   Thumb Code     0  startup_stm32f10x_hd.o(.text)
    TIM7_IRQHandler                          0x08001aa3   Thumb Code     0  startup_stm32f10x_hd.o(.text)
    TIM8_BRK_IRQHandler                      0x08001aa3   Thumb Code     0  startup_stm32f10x_hd.o(.text)
    TIM8_CC_IRQHandler                       0x08001aa3   Thumb Code     0  startup_stm32f10x_hd.o(.text)
    TIM8_TRG_COM_IRQHandler                  0x08001aa3   Thumb Code     0  startup_stm32f10x_hd.o(.text)
    TIM8_UP_IRQHandler                       0x08001aa3   Thumb Code     0  startup_stm32f10x_hd.o(.text)
    UART4_IRQHandler                         0x08001aa3   Thumb Code     0  startup_stm32f10x_hd.o(.text)
    UART5_IRQHandler                         0x08001aa3   Thumb Code     0  startup_stm32f10x_hd.o(.text)
    USART2_IRQHandler                        0x08001aa3   Thumb Code     0  startup_stm32f10x_hd.o(.text)
    USART3_IRQHandler                        0x08001aa3   Thumb Code     0  startup_stm32f10x_hd.o(.text)
    USBWakeUp_IRQHandler                     0x08001aa3   Thumb Code     0  startup_stm32f10x_hd.o(.text)
    USB_HP_CAN1_TX_IRQHandler                0x08001aa3   Thumb Code     0  startup_stm32f10x_hd.o(.text)
    USB_LP_CAN1_RX0_IRQHandler               0x08001aa3   Thumb Code     0  startup_stm32f10x_hd.o(.text)
    WWDG_IRQHandler                          0x08001aa3   Thumb Code     0  startup_stm32f10x_hd.o(.text)
    __user_initial_stackheap                 0x08001aa5   Thumb Code     0  startup_stm32f10x_hd.o(.text)
    NVIC_PriorityGroupConfig                 0x08001ac9   Thumb Code    10  misc.o(.text)
    NVIC_Init                                0x08001ad3   Thumb Code   100  misc.o(.text)
    NVIC_SetVectorTable                      0x08001b37   Thumb Code    14  misc.o(.text)
    NVIC_SystemLPConfig                      0x08001b45   Thumb Code    34  misc.o(.text)
    SysTick_CLKSourceConfig                  0x08001b67   Thumb Code    40  misc.o(.text)
    GPIO_DeInit                              0x08001ba5   Thumb Code   172  stm32f10x_gpio.o(.text)
    GPIO_AFIODeInit                          0x08001c51   Thumb Code    20  stm32f10x_gpio.o(.text)
    GPIO_Init                                0x08001c65   Thumb Code   278  stm32f10x_gpio.o(.text)
    GPIO_StructInit                          0x08001d7b   Thumb Code    16  stm32f10x_gpio.o(.text)
    GPIO_ReadInputDataBit                    0x08001d8b   Thumb Code    18  stm32f10x_gpio.o(.text)
    GPIO_ReadInputData                       0x08001d9d   Thumb Code     8  stm32f10x_gpio.o(.text)
    GPIO_ReadOutputDataBit                   0x08001da5   Thumb Code    18  stm32f10x_gpio.o(.text)
    GPIO_ReadOutputData                      0x08001db7   Thumb Code     8  stm32f10x_gpio.o(.text)
    GPIO_SetBits                             0x08001dbf   Thumb Code     4  stm32f10x_gpio.o(.text)
    GPIO_ResetBits                           0x08001dc3   Thumb Code     4  stm32f10x_gpio.o(.text)
    GPIO_WriteBit                            0x08001dc7   Thumb Code    10  stm32f10x_gpio.o(.text)
    GPIO_Write                               0x08001dd1   Thumb Code     4  stm32f10x_gpio.o(.text)
    GPIO_PinLockConfig                       0x08001dd5   Thumb Code    18  stm32f10x_gpio.o(.text)
    GPIO_EventOutputConfig                   0x08001de7   Thumb Code    26  stm32f10x_gpio.o(.text)
    GPIO_EventOutputCmd                      0x08001e01   Thumb Code     6  stm32f10x_gpio.o(.text)
    GPIO_PinRemapConfig                      0x08001e07   Thumb Code   138  stm32f10x_gpio.o(.text)
    GPIO_EXTILineConfig                      0x08001e91   Thumb Code    66  stm32f10x_gpio.o(.text)
    GPIO_ETH_MediaInterfaceConfig            0x08001ed3   Thumb Code     8  stm32f10x_gpio.o(.text)
    RCC_DeInit                               0x08001f01   Thumb Code    64  stm32f10x_rcc.o(.text)
    RCC_HSEConfig                            0x08001f41   Thumb Code    70  stm32f10x_rcc.o(.text)
    RCC_GetFlagStatus                        0x08001f87   Thumb Code    56  stm32f10x_rcc.o(.text)
    RCC_WaitForHSEStartUp                    0x08001fbf   Thumb Code    56  stm32f10x_rcc.o(.text)
    RCC_AdjustHSICalibrationValue            0x08001ff7   Thumb Code    20  stm32f10x_rcc.o(.text)
    RCC_HSICmd                               0x0800200b   Thumb Code     6  stm32f10x_rcc.o(.text)
    RCC_PLLConfig                            0x08002011   Thumb Code    24  stm32f10x_rcc.o(.text)
    RCC_PLLCmd                               0x08002029   Thumb Code     6  stm32f10x_rcc.o(.text)
    RCC_SYSCLKConfig                         0x0800202f   Thumb Code    18  stm32f10x_rcc.o(.text)
    RCC_GetSYSCLKSource                      0x08002041   Thumb Code    10  stm32f10x_rcc.o(.text)
    RCC_HCLKConfig                           0x0800204b   Thumb Code    18  stm32f10x_rcc.o(.text)
    RCC_PCLK1Config                          0x0800205d   Thumb Code    18  stm32f10x_rcc.o(.text)
    RCC_PCLK2Config                          0x0800206f   Thumb Code    20  stm32f10x_rcc.o(.text)
    RCC_ITConfig                             0x08002083   Thumb Code    26  stm32f10x_rcc.o(.text)
    RCC_USBCLKConfig                         0x0800209d   Thumb Code     8  stm32f10x_rcc.o(.text)
    RCC_ADCCLKConfig                         0x080020a5   Thumb Code    18  stm32f10x_rcc.o(.text)
    RCC_LSEConfig                            0x080020b7   Thumb Code    50  stm32f10x_rcc.o(.text)
    RCC_LSICmd                               0x080020e9   Thumb Code     6  stm32f10x_rcc.o(.text)
    RCC_RTCCLKConfig                         0x080020ef   Thumb Code    12  stm32f10x_rcc.o(.text)
    RCC_RTCCLKCmd                            0x080020fb   Thumb Code     8  stm32f10x_rcc.o(.text)
    RCC_GetClocksFreq                        0x08002103   Thumb Code   192  stm32f10x_rcc.o(.text)
    RCC_AHBPeriphClockCmd                    0x080021c3   Thumb Code    26  stm32f10x_rcc.o(.text)
    RCC_APB2PeriphClockCmd                   0x080021dd   Thumb Code    26  stm32f10x_rcc.o(.text)
    RCC_APB1PeriphClockCmd                   0x080021f7   Thumb Code    26  stm32f10x_rcc.o(.text)
    RCC_APB2PeriphResetCmd                   0x08002211   Thumb Code    26  stm32f10x_rcc.o(.text)
    RCC_APB1PeriphResetCmd                   0x0800222b   Thumb Code    26  stm32f10x_rcc.o(.text)
    RCC_BackupResetCmd                       0x08002245   Thumb Code     8  stm32f10x_rcc.o(.text)
    RCC_ClockSecuritySystemCmd               0x0800224d   Thumb Code     6  stm32f10x_rcc.o(.text)
    RCC_MCOConfig                            0x08002253   Thumb Code     6  stm32f10x_rcc.o(.text)
    RCC_ClearFlag                            0x08002259   Thumb Code    14  stm32f10x_rcc.o(.text)
    RCC_GetITStatus                          0x08002267   Thumb Code    20  stm32f10x_rcc.o(.text)
    RCC_ClearITPendingBit                    0x0800227b   Thumb Code     6  stm32f10x_rcc.o(.text)
    TIM_DeInit                               0x080022a5   Thumb Code   424  stm32f10x_tim.o(.text)
    TIM_TimeBaseInit                         0x0800244d   Thumb Code   122  stm32f10x_tim.o(.text)
    TIM_OC1Init                              0x080024c7   Thumb Code   132  stm32f10x_tim.o(.text)
    TIM_OC2Init                              0x0800254b   Thumb Code   154  stm32f10x_tim.o(.text)
    TIM_OC3Init                              0x080025e5   Thumb Code   150  stm32f10x_tim.o(.text)
    TIM_OC4Init                              0x0800267b   Thumb Code   182  stm32f10x_tim.o(.text)
    TIM_SetIC4Prescaler                      0x08002731   Thumb Code    26  stm32f10x_tim.o(.text)
    TIM_SetIC3Prescaler                      0x080027cd   Thumb Code    18  stm32f10x_tim.o(.text)
    TIM_SetIC2Prescaler                      0x08002859   Thumb Code    26  stm32f10x_tim.o(.text)
    TIM_SetIC1Prescaler                      0x080028f5   Thumb Code    18  stm32f10x_tim.o(.text)
    TIM_ICInit                               0x08002973   Thumb Code   150  stm32f10x_tim.o(.text)
    TIM_PWMIConfig                           0x08002a09   Thumb Code   124  stm32f10x_tim.o(.text)
    TIM_BDTRConfig                           0x08002a85   Thumb Code    32  stm32f10x_tim.o(.text)
    TIM_TimeBaseStructInit                   0x08002aa5   Thumb Code    18  stm32f10x_tim.o(.text)
    TIM_OCStructInit                         0x08002ab7   Thumb Code    20  stm32f10x_tim.o(.text)
    TIM_ICStructInit                         0x08002acb   Thumb Code    18  stm32f10x_tim.o(.text)
    TIM_BDTRStructInit                       0x08002add   Thumb Code    40  stm32f10x_tim.o(.text)
    TIM_Cmd                                  0x08002b05   Thumb Code    24  stm32f10x_tim.o(.text)
    TIM_CtrlPWMOutputs                       0x08002b1d   Thumb Code    30  stm32f10x_tim.o(.text)
    TIM_ITConfig                             0x08002b3b   Thumb Code    18  stm32f10x_tim.o(.text)
    TIM_GenerateEvent                        0x08002b4d   Thumb Code     4  stm32f10x_tim.o(.text)
    TIM_DMAConfig                            0x08002b51   Thumb Code    10  stm32f10x_tim.o(.text)
    TIM_DMACmd                               0x08002b5b   Thumb Code    18  stm32f10x_tim.o(.text)
    TIM_InternalClockConfig                  0x08002b6d   Thumb Code    12  stm32f10x_tim.o(.text)
    TIM_SelectInputTrigger                   0x08002b79   Thumb Code    18  stm32f10x_tim.o(.text)
    TIM_ITRxExternalClockConfig              0x08002b8b   Thumb Code    24  stm32f10x_tim.o(.text)
    TIM_TIxExternalClockConfig               0x08002ba3   Thumb Code    62  stm32f10x_tim.o(.text)
    TIM_ETRConfig                            0x08002be1   Thumb Code    28  stm32f10x_tim.o(.text)
    TIM_ETRClockMode1Config                  0x08002bfd   Thumb Code    54  stm32f10x_tim.o(.text)
    TIM_ETRClockMode2Config                  0x08002c33   Thumb Code    32  stm32f10x_tim.o(.text)
    TIM_PrescalerConfig                      0x08002c53   Thumb Code     6  stm32f10x_tim.o(.text)
    TIM_CounterModeConfig                    0x08002c59   Thumb Code    18  stm32f10x_tim.o(.text)
    TIM_EncoderInterfaceConfig               0x08002c6b   Thumb Code    66  stm32f10x_tim.o(.text)
    TIM_ForcedOC1Config                      0x08002cad   Thumb Code    18  stm32f10x_tim.o(.text)
    TIM_ForcedOC2Config                      0x08002cbf   Thumb Code    26  stm32f10x_tim.o(.text)
    TIM_ForcedOC3Config                      0x08002cd9   Thumb Code    18  stm32f10x_tim.o(.text)
    TIM_ForcedOC4Config                      0x08002ceb   Thumb Code    26  stm32f10x_tim.o(.text)
    TIM_ARRPreloadConfig                     0x08002d05   Thumb Code    24  stm32f10x_tim.o(.text)
    TIM_SelectCOM                            0x08002d1d   Thumb Code    24  stm32f10x_tim.o(.text)
    TIM_SelectCCDMA                          0x08002d35   Thumb Code    24  stm32f10x_tim.o(.text)
    TIM_CCPreloadControl                     0x08002d4d   Thumb Code    24  stm32f10x_tim.o(.text)
    TIM_OC1PreloadConfig                     0x08002d65   Thumb Code    18  stm32f10x_tim.o(.text)
    TIM_OC2PreloadConfig                     0x08002d77   Thumb Code    26  stm32f10x_tim.o(.text)
    TIM_OC3PreloadConfig                     0x08002d91   Thumb Code    18  stm32f10x_tim.o(.text)
    TIM_OC4PreloadConfig                     0x08002da3   Thumb Code    26  stm32f10x_tim.o(.text)
    TIM_OC1FastConfig                        0x08002dbd   Thumb Code    18  stm32f10x_tim.o(.text)
    TIM_OC2FastConfig                        0x08002dcf   Thumb Code    26  stm32f10x_tim.o(.text)
    TIM_OC3FastConfig                        0x08002de9   Thumb Code    18  stm32f10x_tim.o(.text)
    TIM_OC4FastConfig                        0x08002dfb   Thumb Code    26  stm32f10x_tim.o(.text)
    TIM_ClearOC1Ref                          0x08002e15   Thumb Code    18  stm32f10x_tim.o(.text)
    TIM_ClearOC2Ref                          0x08002e27   Thumb Code    24  stm32f10x_tim.o(.text)
    TIM_ClearOC3Ref                          0x08002e3f   Thumb Code    18  stm32f10x_tim.o(.text)
    TIM_ClearOC4Ref                          0x08002e51   Thumb Code    24  stm32f10x_tim.o(.text)
    TIM_OC1PolarityConfig                    0x08002e69   Thumb Code    18  stm32f10x_tim.o(.text)
    TIM_OC1NPolarityConfig                   0x08002e7b   Thumb Code    18  stm32f10x_tim.o(.text)
    TIM_OC2PolarityConfig                    0x08002e8d   Thumb Code    26  stm32f10x_tim.o(.text)
    TIM_OC2NPolarityConfig                   0x08002ea7   Thumb Code    26  stm32f10x_tim.o(.text)
    TIM_OC3PolarityConfig                    0x08002ec1   Thumb Code    26  stm32f10x_tim.o(.text)
    TIM_OC3NPolarityConfig                   0x08002edb   Thumb Code    26  stm32f10x_tim.o(.text)
    TIM_OC4PolarityConfig                    0x08002ef5   Thumb Code    26  stm32f10x_tim.o(.text)
    TIM_CCxCmd                               0x08002f0f   Thumb Code    30  stm32f10x_tim.o(.text)
    TIM_CCxNCmd                              0x08002f2d   Thumb Code    30  stm32f10x_tim.o(.text)
    TIM_SelectOCxM                           0x08002f4b   Thumb Code    82  stm32f10x_tim.o(.text)
    TIM_UpdateDisableConfig                  0x08002f9d   Thumb Code    24  stm32f10x_tim.o(.text)
    TIM_UpdateRequestConfig                  0x08002fb5   Thumb Code    24  stm32f10x_tim.o(.text)
    TIM_SelectHallSensor                     0x08002fcd   Thumb Code    24  stm32f10x_tim.o(.text)
    TIM_SelectOnePulseMode                   0x08002fe5   Thumb Code    18  stm32f10x_tim.o(.text)
    TIM_SelectOutputTrigger                  0x08002ff7   Thumb Code    18  stm32f10x_tim.o(.text)
    TIM_SelectSlaveMode                      0x08003009   Thumb Code    18  stm32f10x_tim.o(.text)
    TIM_SelectMasterSlaveMode                0x0800301b   Thumb Code    18  stm32f10x_tim.o(.text)
    TIM_SetCounter                           0x0800302d   Thumb Code     4  stm32f10x_tim.o(.text)
    TIM_SetAutoreload                        0x08003031   Thumb Code     4  stm32f10x_tim.o(.text)
    TIM_SetCompare1                          0x08003035   Thumb Code     4  stm32f10x_tim.o(.text)
    TIM_SetCompare2                          0x08003039   Thumb Code     4  stm32f10x_tim.o(.text)
    TIM_SetCompare3                          0x0800303d   Thumb Code     4  stm32f10x_tim.o(.text)
    TIM_SetCompare4                          0x08003041   Thumb Code     6  stm32f10x_tim.o(.text)
    TIM_SetClockDivision                     0x08003047   Thumb Code    18  stm32f10x_tim.o(.text)
    TIM_GetCapture1                          0x08003059   Thumb Code     6  stm32f10x_tim.o(.text)
    TIM_GetCapture2                          0x0800305f   Thumb Code     6  stm32f10x_tim.o(.text)
    TIM_GetCapture3                          0x08003065   Thumb Code     6  stm32f10x_tim.o(.text)
    TIM_GetCapture4                          0x0800306b   Thumb Code     8  stm32f10x_tim.o(.text)
    TIM_GetCounter                           0x08003073   Thumb Code     6  stm32f10x_tim.o(.text)
    TIM_GetPrescaler                         0x08003079   Thumb Code     6  stm32f10x_tim.o(.text)
    TIM_GetFlagStatus                        0x0800307f   Thumb Code    18  stm32f10x_tim.o(.text)
    TIM_ClearFlag                            0x08003091   Thumb Code     6  stm32f10x_tim.o(.text)
    TIM_GetITStatus                          0x08003097   Thumb Code    34  stm32f10x_tim.o(.text)
    TIM_ClearITPendingBit                    0x080030b9   Thumb Code     6  stm32f10x_tim.o(.text)
    USART_DeInit                             0x080030c1   Thumb Code   134  stm32f10x_usart.o(.text)
    USART_Init                               0x08003147   Thumb Code   210  stm32f10x_usart.o(.text)
    USART_StructInit                         0x08003219   Thumb Code    24  stm32f10x_usart.o(.text)
    USART_ClockInit                          0x08003231   Thumb Code    34  stm32f10x_usart.o(.text)
    USART_ClockStructInit                    0x08003253   Thumb Code    12  stm32f10x_usart.o(.text)
    USART_Cmd                                0x0800325f   Thumb Code    24  stm32f10x_usart.o(.text)
    USART_ITConfig                           0x08003277   Thumb Code    74  stm32f10x_usart.o(.text)
    USART_DMACmd                             0x080032c1   Thumb Code    18  stm32f10x_usart.o(.text)
    USART_SetAddress                         0x080032d3   Thumb Code    18  stm32f10x_usart.o(.text)
    USART_WakeUpConfig                       0x080032e5   Thumb Code    18  stm32f10x_usart.o(.text)
    USART_ReceiverWakeUpCmd                  0x080032f7   Thumb Code    24  stm32f10x_usart.o(.text)
    USART_LINBreakDetectLengthConfig         0x0800330f   Thumb Code    18  stm32f10x_usart.o(.text)
    USART_LINCmd                             0x08003321   Thumb Code    24  stm32f10x_usart.o(.text)
    USART_SendData                           0x08003339   Thumb Code     8  stm32f10x_usart.o(.text)
    USART_ReceiveData                        0x08003341   Thumb Code    10  stm32f10x_usart.o(.text)
    USART_SendBreak                          0x0800334b   Thumb Code    10  stm32f10x_usart.o(.text)
    USART_SetGuardTime                       0x08003355   Thumb Code    16  stm32f10x_usart.o(.text)
    USART_SetPrescaler                       0x08003365   Thumb Code    16  stm32f10x_usart.o(.text)
    USART_SmartCardCmd                       0x08003375   Thumb Code    24  stm32f10x_usart.o(.text)
    USART_SmartCardNACKCmd                   0x0800338d   Thumb Code    24  stm32f10x_usart.o(.text)
    USART_HalfDuplexCmd                      0x080033a5   Thumb Code    24  stm32f10x_usart.o(.text)
    USART_OverSampling8Cmd                   0x080033bd   Thumb Code    22  stm32f10x_usart.o(.text)
    USART_OneBitMethodCmd                    0x080033d3   Thumb Code    24  stm32f10x_usart.o(.text)
    USART_IrDAConfig                         0x080033eb   Thumb Code    18  stm32f10x_usart.o(.text)
    USART_IrDACmd                            0x080033fd   Thumb Code    24  stm32f10x_usart.o(.text)
    USART_GetFlagStatus                      0x08003415   Thumb Code    26  stm32f10x_usart.o(.text)
    USART_ClearFlag                          0x0800342f   Thumb Code    18  stm32f10x_usart.o(.text)
    USART_GetITStatus                        0x08003441   Thumb Code    84  stm32f10x_usart.o(.text)
    USART_ClearITPendingBit                  0x08003495   Thumb Code    52  stm32f10x_usart.o(.text)
    EXTI_DeInit                              0x080034c9   Thumb Code    28  stm32f10x_exti.o(.text)
    EXTI_Init                                0x080034e5   Thumb Code   142  stm32f10x_exti.o(.text)
    EXTI_StructInit                          0x08003573   Thumb Code    16  stm32f10x_exti.o(.text)
    EXTI_GenerateSWInterrupt                 0x08003583   Thumb Code    16  stm32f10x_exti.o(.text)
    EXTI_GetFlagStatus                       0x08003593   Thumb Code    22  stm32f10x_exti.o(.text)
    EXTI_ClearFlag                           0x080035a9   Thumb Code     8  stm32f10x_exti.o(.text)
    EXTI_GetITStatus                         0x080035b1   Thumb Code    34  stm32f10x_exti.o(.text)
    EXTI_ClearITPendingBit                   0x080035d3   Thumb Code     8  stm32f10x_exti.o(.text)
    __use_no_semihosting                     0x080035e5   Thumb Code     2  use_no_semi_2.o(.text)
    __2printf                                0x080035e9   Thumb Code    20  noretval__2printf.o(.text)
    __2sprintf                               0x08003601   Thumb Code    34  noretval__2sprintf.o(.text)
    __printf                                 0x08003629   Thumb Code   104  __printf.o(.text)
    _printf_str                              0x08003691   Thumb Code    82  _printf_str.o(.text)
    strlen                                   0x080036e3   Thumb Code    62  strlen.o(.text)
    __aeabi_memclr                           0x08003721   Thumb Code     0  rt_memclr.o(.text)
    __rt_memclr                              0x08003721   Thumb Code    68  rt_memclr.o(.text)
    _memset                                  0x08003725   Thumb Code     0  rt_memclr.o(.text)
    strcmp                                   0x08003765   Thumb Code   128  strcmpv7m.o(.text)
    __use_two_region_memory                  0x080037e5   Thumb Code     2  heapauxi.o(.text)
    __rt_heap_escrow$2region                 0x080037e7   Thumb Code     2  heapauxi.o(.text)
    __rt_heap_expand$2region                 0x080037e9   Thumb Code     2  heapauxi.o(.text)
    __I$use$semihosting                      0x080037eb   Thumb Code     0  use_no_semi.o(.text)
    __use_no_semihosting_swi                 0x080037eb   Thumb Code     2  use_no_semi.o(.text)
    _printf_char_common                      0x080037f7   Thumb Code    32  _printf_char_common.o(.text)
    _sputc                                   0x0800381d   Thumb Code    10  _sputc.o(.text)
    _printf_cs_common                        0x08003827   Thumb Code    20  _printf_char.o(.text)
    _printf_char                             0x0800383b   Thumb Code    16  _printf_char.o(.text)
    _printf_string                           0x0800384b   Thumb Code     8  _printf_char.o(.text)
    _printf_char_file                        0x08003855   Thumb Code    32  _printf_char_file.o(.text)
    __aeabi_memclr4                          0x08003879   Thumb Code     0  rt_memclr_w.o(.text)
    __aeabi_memclr8                          0x08003879   Thumb Code     0  rt_memclr_w.o(.text)
    __rt_memclr_w                            0x08003879   Thumb Code    78  rt_memclr_w.o(.text)
    _memset_w                                0x0800387d   Thumb Code     0  rt_memclr_w.o(.text)
    ferror                                   0x080038c7   Thumb Code     8  ferror.o(.text)
    __user_setup_stackheap                   0x080038cf   Thumb Code    74  sys_stackheap_outer.o(.text)
    exit                                     0x08003919   Thumb Code    18  exit.o(.text)
    __user_libspace                          0x0800392d   Thumb Code     8  libspace.o(.text)
    __user_perproc_libspace                  0x0800392d   Thumb Code     0  libspace.o(.text)
    __user_perthread_libspace                0x0800392d   Thumb Code     0  libspace.o(.text)
    Region$$Table$$Base                      0x08003934   Number         0  anon$$obj.o(Region$$Table)
    Region$$Table$$Limit                     0x08003954   Number         0  anon$$obj.o(Region$$Table)
    t                                        0x20000000   Data           2  main.o(.data)
    len                                      0x20000002   Data           2  main.o(.data)
    runover                                  0x20000004   Data           1  main.o(.data)
    status                                   0x20000005   Data           1  main.o(.data)
    steps                                    0x20000008   Data           4  main.o(.data)
    acceleration                             0x2000000c   Data           4  main.o(.data)
    deceleration                             0x20000010   Data           4  main.o(.data)
    speed                                    0x20000014   Data           4  main.o(.data)
    okCmd                                    0x20000018   Data           1  main.o(.data)
    SystemCoreClock                          0x2000001c   Data           4  system_stm32f10x.o(.data)
    AHBPrescTable                            0x20000020   Data          16  system_stm32f10x.o(.data)
    __stdout                                 0x20000030   Data           4  usart.o(.data)
    USART_RX_STA                             0x20000034   Data           2  usart.o(.data)
    time                                     0x20000036   Data           2  timer.o(.data)
    step1                                    0x20000038   Data           1  stepmotor1.o(.data)
    tachswitch1                              0x20000039   Data           1  stepmotor1.o(.data)
    Speed                                    0x2000003c   Data           4  stepmotor1.o(.data)
    step2                                    0x20000040   Data           1  stepmotor2.o(.data)
    tachswitch2                              0x20000041   Data           1  stepmotor2.o(.data)
    Speed2                                   0x20000044   Data           4  stepmotor2.o(.data)
    step3                                    0x20000048   Data           1  stepmotor3.o(.data)
    tachswitch3                              0x20000049   Data           1  stepmotor3.o(.data)
    Speed3                                   0x2000004c   Data           4  stepmotor3.o(.data)
    message                                  0x20000068   Data         512  main.o(.bss)
    USART_RX_BUF                             0x20000268   Data         200  usart.o(.bss)
    srd                                      0x20000330   Data          52  stepmotor_big.o(.bss)
    __libspace_start                         0x20000364   Data          96  libspace.o(.bss)
    __temporary_stack_top$libspace           0x200003c4   Data           0  libspace.o(.bss)



==============================================================================

Memory Map of the image

  Image Entry point : 0x08000131

  Load Region LR_IROM1 (Base: 0x08000000, Size: 0x000039bc, Max: 0x00080000, ABSOLUTE)

    Execution Region ER_IROM1 (Exec base: 0x08000000, Load base: 0x08000000, Size: 0x00003954, Max: 0x00080000, ABSOLUTE)

    Exec Addr    Load Addr    Size         Type   Attr      Idx    E Section Name        Object

    0x08000000   0x08000000   0x00000130   Data   RO          541    RESET               startup_stm32f10x_hd.o
    0x08000130   0x08000130   0x00000008   Code   RO          690  * !!!main             c_w.l(__main.o)
    0x08000138   0x08000138   0x00000034   Code   RO          862    !!!scatter          c_w.l(__scatter.o)
    0x0800016c   0x0800016c   0x0000001a   Code   RO          864    !!handler_copy      c_w.l(__scatter_copy.o)
    0x08000186   0x08000186   0x00000002   PAD
    0x08000188   0x08000188   0x0000001c   Code   RO          866    !!handler_zi        c_w.l(__scatter_zi.o)
    0x080001a4   0x080001a4   0x00000000   Code   RO          681    .ARM.Collect$$_printf_percent$$00000000  c_w.l(_printf_percent.o)
    0x080001a4   0x080001a4   0x00000006   Code   RO          680    .ARM.Collect$$_printf_percent$$00000013  c_w.l(_printf_c.o)
    0x080001aa   0x080001aa   0x00000004   Code   RO          703    .ARM.Collect$$_printf_percent$$00000017  c_w.l(_printf_percent_end.o)
    0x080001ae   0x080001ae   0x00000002   Code   RO          736    .ARM.Collect$$libinit$$00000000  c_w.l(libinit.o)
    0x080001b0   0x080001b0   0x00000000   Code   RO          743    .ARM.Collect$$libinit$$00000002  c_w.l(libinit2.o)
    0x080001b0   0x080001b0   0x00000000   Code   RO          745    .ARM.Collect$$libinit$$00000004  c_w.l(libinit2.o)
    0x080001b0   0x080001b0   0x00000000   Code   RO          748    .ARM.Collect$$libinit$$0000000A  c_w.l(libinit2.o)
    0x080001b0   0x080001b0   0x00000000   Code   RO          750    .ARM.Collect$$libinit$$0000000C  c_w.l(libinit2.o)
    0x080001b0   0x080001b0   0x00000000   Code   RO          752    .ARM.Collect$$libinit$$0000000E  c_w.l(libinit2.o)
    0x080001b0   0x080001b0   0x00000000   Code   RO          755    .ARM.Collect$$libinit$$00000011  c_w.l(libinit2.o)
    0x080001b0   0x080001b0   0x00000000   Code   RO          757    .ARM.Collect$$libinit$$00000013  c_w.l(libinit2.o)
    0x080001b0   0x080001b0   0x00000000   Code   RO          759    .ARM.Collect$$libinit$$00000015  c_w.l(libinit2.o)
    0x080001b0   0x080001b0   0x00000000   Code   RO          761    .ARM.Collect$$libinit$$00000017  c_w.l(libinit2.o)
    0x080001b0   0x080001b0   0x00000000   Code   RO          763    .ARM.Collect$$libinit$$00000019  c_w.l(libinit2.o)
    0x080001b0   0x080001b0   0x00000000   Code   RO          765    .ARM.Collect$$libinit$$0000001B  c_w.l(libinit2.o)
    0x080001b0   0x080001b0   0x00000000   Code   RO          767    .ARM.Collect$$libinit$$0000001D  c_w.l(libinit2.o)
    0x080001b0   0x080001b0   0x00000000   Code   RO          769    .ARM.Collect$$libinit$$0000001F  c_w.l(libinit2.o)
    0x080001b0   0x080001b0   0x00000000   Code   RO          771    .ARM.Collect$$libinit$$00000021  c_w.l(libinit2.o)
    0x080001b0   0x080001b0   0x00000000   Code   RO          773    .ARM.Collect$$libinit$$00000023  c_w.l(libinit2.o)
    0x080001b0   0x080001b0   0x00000000   Code   RO          775    .ARM.Collect$$libinit$$00000025  c_w.l(libinit2.o)
    0x080001b0   0x080001b0   0x00000000   Code   RO          779    .ARM.Collect$$libinit$$0000002C  c_w.l(libinit2.o)
    0x080001b0   0x080001b0   0x00000000   Code   RO          781    .ARM.Collect$$libinit$$0000002E  c_w.l(libinit2.o)
    0x080001b0   0x080001b0   0x00000000   Code   RO          783    .ARM.Collect$$libinit$$00000030  c_w.l(libinit2.o)
    0x080001b0   0x080001b0   0x00000000   Code   RO          785    .ARM.Collect$$libinit$$00000032  c_w.l(libinit2.o)
    0x080001b0   0x080001b0   0x00000002   Code   RO          786    .ARM.Collect$$libinit$$00000033  c_w.l(libinit2.o)
    0x080001b2   0x080001b2   0x00000002   Code   RO          804    .ARM.Collect$$libshutdown$$00000000  c_w.l(libshutdown.o)
    0x080001b4   0x080001b4   0x00000000   Code   RO          814    .ARM.Collect$$libshutdown$$00000002  c_w.l(libshutdown2.o)
    0x080001b4   0x080001b4   0x00000000   Code   RO          816    .ARM.Collect$$libshutdown$$00000004  c_w.l(libshutdown2.o)
    0x080001b4   0x080001b4   0x00000000   Code   RO          819    .ARM.Collect$$libshutdown$$00000007  c_w.l(libshutdown2.o)
    0x080001b4   0x080001b4   0x00000000   Code   RO          822    .ARM.Collect$$libshutdown$$0000000A  c_w.l(libshutdown2.o)
    0x080001b4   0x080001b4   0x00000000   Code   RO          824    .ARM.Collect$$libshutdown$$0000000C  c_w.l(libshutdown2.o)
    0x080001b4   0x080001b4   0x00000000   Code   RO          827    .ARM.Collect$$libshutdown$$0000000F  c_w.l(libshutdown2.o)
    0x080001b4   0x080001b4   0x00000002   Code   RO          828    .ARM.Collect$$libshutdown$$00000010  c_w.l(libshutdown2.o)
    0x080001b6   0x080001b6   0x00000000   Code   RO          694    .ARM.Collect$$rtentry$$00000000  c_w.l(__rtentry.o)
    0x080001b6   0x080001b6   0x00000000   Code   RO          707    .ARM.Collect$$rtentry$$00000002  c_w.l(__rtentry2.o)
    0x080001b6   0x080001b6   0x00000006   Code   RO          719    .ARM.Collect$$rtentry$$00000004  c_w.l(__rtentry4.o)
    0x080001bc   0x080001bc   0x00000000   Code   RO          709    .ARM.Collect$$rtentry$$00000009  c_w.l(__rtentry2.o)
    0x080001bc   0x080001bc   0x00000004   Code   RO          710    .ARM.Collect$$rtentry$$0000000A  c_w.l(__rtentry2.o)
    0x080001c0   0x080001c0   0x00000000   Code   RO          712    .ARM.Collect$$rtentry$$0000000C  c_w.l(__rtentry2.o)
    0x080001c0   0x080001c0   0x00000008   Code   RO          713    .ARM.Collect$$rtentry$$0000000D  c_w.l(__rtentry2.o)
    0x080001c8   0x080001c8   0x00000002   Code   RO          740    .ARM.Collect$$rtexit$$00000000  c_w.l(rtexit.o)
    0x080001ca   0x080001ca   0x00000000   Code   RO          788    .ARM.Collect$$rtexit$$00000002  c_w.l(rtexit2.o)
    0x080001ca   0x080001ca   0x00000004   Code   RO          789    .ARM.Collect$$rtexit$$00000003  c_w.l(rtexit2.o)
    0x080001ce   0x080001ce   0x00000006   Code   RO          790    .ARM.Collect$$rtexit$$00000004  c_w.l(rtexit2.o)
    0x080001d4   0x080001d4   0x00000388   Code   RO            1    .text               main.o
    0x0800055c   0x0800055c   0x0000001a   Code   RO          160    .text               stm32f10x_it.o
    0x08000576   0x08000576   0x00000002   PAD
    0x08000578   0x08000578   0x000001e0   Code   RO          258    .text               system_stm32f10x.o
    0x08000758   0x08000758   0x00000140   Code   RO          276    .text               usart.o
    0x08000898   0x08000898   0x000002f8   Code   RO          328    .text               timer.o
    0x08000b90   0x08000b90   0x000001bc   Code   RO          368    .text               led.o
    0x08000d4c   0x08000d4c   0x00000058   Code   RO          383    .text               key.o
    0x08000da4   0x08000da4   0x000000b8   Code   RO          395    .text               stepmotor_big.o
    0x08000e5c   0x08000e5c   0x00000338   Code   RO          416    .text               stepmotor1.o
    0x08001194   0x08001194   0x00000338   Code   RO          434    .text               stepmotor2.o
    0x080014cc   0x080014cc   0x000002d4   Code   RO          452    .text               stepmotor3.o
    0x080017a0   0x080017a0   0x00000168   Code   RO          470    .text               tactswitch.o
    0x08001908   0x08001908   0x000000d4   Code   RO          498    .text               delay.o
    0x080019dc   0x080019dc   0x000000ac   Code   RO          513    .text               sys.o
    0x08001a88   0x08001a88   0x00000040   Code   RO          542    .text               startup_stm32f10x_hd.o
    0x08001ac8   0x08001ac8   0x000000dc   Code   RO          546    .text               misc.o
    0x08001ba4   0x08001ba4   0x0000035c   Code   RO          558    .text               stm32f10x_gpio.o
    0x08001f00   0x08001f00   0x000003a4   Code   RO          570    .text               stm32f10x_rcc.o
    0x080022a4   0x080022a4   0x00000e1a   Code   RO          584    .text               stm32f10x_tim.o
    0x080030be   0x080030be   0x00000002   PAD
    0x080030c0   0x080030c0   0x00000408   Code   RO          596    .text               stm32f10x_usart.o
    0x080034c8   0x080034c8   0x0000011c   Code   RO          608    .text               stm32f10x_exti.o
    0x080035e4   0x080035e4   0x00000002   Code   RO          646    .text               c_w.l(use_no_semi_2.o)
    0x080035e6   0x080035e6   0x00000002   PAD
    0x080035e8   0x080035e8   0x00000018   Code   RO          652    .text               c_w.l(noretval__2printf.o)
    0x08003600   0x08003600   0x00000028   Code   RO          654    .text               c_w.l(noretval__2sprintf.o)
    0x08003628   0x08003628   0x00000068   Code   RO          656    .text               c_w.l(__printf.o)
    0x08003690   0x08003690   0x00000052   Code   RO          658    .text               c_w.l(_printf_str.o)
    0x080036e2   0x080036e2   0x0000003e   Code   RO          682    .text               c_w.l(strlen.o)
    0x08003720   0x08003720   0x00000044   Code   RO          684    .text               c_w.l(rt_memclr.o)
    0x08003764   0x08003764   0x00000080   Code   RO          686    .text               c_w.l(strcmpv7m.o)
    0x080037e4   0x080037e4   0x00000006   Code   RO          688    .text               c_w.l(heapauxi.o)
    0x080037ea   0x080037ea   0x00000002   Code   RO          692    .text               c_w.l(use_no_semi.o)
    0x080037ec   0x080037ec   0x00000030   Code   RO          695    .text               c_w.l(_printf_char_common.o)
    0x0800381c   0x0800381c   0x0000000a   Code   RO          697    .text               c_w.l(_sputc.o)
    0x08003826   0x08003826   0x0000002c   Code   RO          699    .text               c_w.l(_printf_char.o)
    0x08003852   0x08003852   0x00000002   PAD
    0x08003854   0x08003854   0x00000024   Code   RO          701    .text               c_w.l(_printf_char_file.o)
    0x08003878   0x08003878   0x0000004e   Code   RO          704    .text               c_w.l(rt_memclr_w.o)
    0x080038c6   0x080038c6   0x00000008   Code   RO          723    .text               c_w.l(ferror.o)
    0x080038ce   0x080038ce   0x0000004a   Code   RO          727    .text               c_w.l(sys_stackheap_outer.o)
    0x08003918   0x08003918   0x00000012   Code   RO          729    .text               c_w.l(exit.o)
    0x0800392a   0x0800392a   0x00000002   PAD
    0x0800392c   0x0800392c   0x00000008   Code   RO          737    .text               c_w.l(libspace.o)
    0x08003934   0x08003934   0x00000020   Data   RO          860    Region$$Table       anon$$obj.o


    Execution Region RW_IRAM1 (Exec base: 0x20000000, Load base: 0x08003954, Size: 0x000009c8, Max: 0x00010000, ABSOLUTE)

    Exec Addr    Load Addr    Size         Type   Attr      Idx    E Section Name        Object

    0x20000000   0x08003954   0x00000019   Data   RW            3    .data               main.o
    0x20000019   0x0800396d   0x00000003   PAD
    0x2000001c   0x08003970   0x00000014   Data   RW          259    .data               system_stm32f10x.o
    0x20000030   0x08003984   0x00000006   Data   RW          278    .data               usart.o
    0x20000036   0x0800398a   0x00000002   Data   RW          329    .data               timer.o
    0x20000038   0x0800398c   0x00000008   Data   RW          417    .data               stepmotor1.o
    0x20000040   0x08003994   0x00000008   Data   RW          435    .data               stepmotor2.o
    0x20000048   0x0800399c   0x00000008   Data   RW          453    .data               stepmotor3.o
    0x20000050   0x080039a4   0x00000004   Data   RW          499    .data               delay.o
    0x20000054   0x080039a8   0x00000014   Data   RW          571    .data               stm32f10x_rcc.o
    0x20000068        -       0x00000200   Zero   RW            2    .bss                main.o
    0x20000268        -       0x000000c8   Zero   RW          277    .bss                usart.o
    0x20000330        -       0x00000034   Zero   RW          396    .bss                stepmotor_big.o
    0x20000364        -       0x00000060   Zero   RW          738    .bss                c_w.l(libspace.o)
    0x200003c4   0x080039bc   0x00000004   PAD
    0x200003c8        -       0x00000200   Zero   RW          540    HEAP                startup_stm32f10x_hd.o
    0x200005c8        -       0x00000400   Zero   RW          539    STACK               startup_stm32f10x_hd.o


==============================================================================

Image component sizes


      Code (inc. data)   RO Data    RW Data    ZI Data      Debug   Object Name

       212         18          0          4          0       1135   delay.o
        88         14          0          0          0        551   key.o
       444         30          0          0          0       1947   led.o
       904        184          0         25        512     222919   main.o
       220         22          0          0          0       1889   misc.o
        64         26        304          0       1536        836   startup_stm32f10x_hd.o
       824         24          0          8          0       2286   stepmotor1.o
       824         24          0          8          0       2287   stepmotor2.o
       724         16          0          8          0       3993   stepmotor3.o
       184          8          0          0         52       2012   stepmotor_big.o
       284         10          0          0          0       2347   stm32f10x_exti.o
       860         38          0          0          0       5825   stm32f10x_gpio.o
        26          0          0          0          0      44914   stm32f10x_it.o
       932         36          0         20          0       9052   stm32f10x_rcc.o
      3610         88          0          0          0      22932   stm32f10x_tim.o
      1032         22          0          0          0       8548   stm32f10x_usart.o
       172         12          0          0          0       1332   sys.o
       480         38          0         20          0       1875   system_stm32f10x.o
       360         32          0          0          0       1277   tactswitch.o
       760         42          0          2          0       2726   timer.o
       320         18          0          6        200     210354   usart.o

    ----------------------------------------------------------------------
     13328        702        336        104       2300     551037   Object Totals
         0          0         32          0          0          0   (incl. Generated)
         4          0          0          3          0          0   (incl. Padding)

    ----------------------------------------------------------------------

      Code (inc. data)   RO Data    RW Data    ZI Data      Debug   Library Member Name

         8          0          0          0          0         68   __main.o
       104          0          0          0          0         84   __printf.o
         0          0          0          0          0          0   __rtentry.o
        12          0          0          0          0          0   __rtentry2.o
         6          0          0          0          0          0   __rtentry4.o
        52          8          0          0          0          0   __scatter.o
        26          0          0          0          0          0   __scatter_copy.o
        28          0          0          0          0          0   __scatter_zi.o
         6          0          0          0          0          0   _printf_c.o
        44          0          0          0          0        108   _printf_char.o
        48          6          0          0          0         96   _printf_char_common.o
        36          4          0          0          0         80   _printf_char_file.o
         0          0          0          0          0          0   _printf_percent.o
         4          0          0          0          0          0   _printf_percent_end.o
        82          0          0          0          0         80   _printf_str.o
        10          0          0          0          0         68   _sputc.o
        18          0          0          0          0         80   exit.o
         8          0          0          0          0         68   ferror.o
         6          0          0          0          0        152   heapauxi.o
         2          0          0          0          0          0   libinit.o
         2          0          0          0          0          0   libinit2.o
         2          0          0          0          0          0   libshutdown.o
         2          0          0          0          0          0   libshutdown2.o
         8          4          0          0         96         68   libspace.o
        24          4          0          0          0         84   noretval__2printf.o
        40          6          0          0          0         84   noretval__2sprintf.o
        68          0          0          0          0         68   rt_memclr.o
        78          0          0          0          0         80   rt_memclr_w.o
         2          0          0          0          0          0   rtexit.o
        10          0          0          0          0          0   rtexit2.o
       128          0          0          0          0         68   strcmpv7m.o
        62          0          0          0          0         76   strlen.o
        74          0          0          0          0         80   sys_stackheap_outer.o
         2          0          0          0          0         68   use_no_semi.o
         2          0          0          0          0         68   use_no_semi_2.o

    ----------------------------------------------------------------------
      1012         32          0          0        100       1628   Library Totals
         8          0          0          0          4          0   (incl. Padding)

    ----------------------------------------------------------------------

      Code (inc. data)   RO Data    RW Data    ZI Data      Debug   Library Name

      1004         32          0          0         96       1628   c_w.l

    ----------------------------------------------------------------------
      1012         32          0          0        100       1628   Library Totals

    ----------------------------------------------------------------------

==============================================================================


      Code (inc. data)   RO Data    RW Data    ZI Data      Debug   

     14340        734        336        104       2400     550061   Grand Totals
     14340        734        336        104       2400     550061   ELF Image Totals
     14340        734        336        104          0          0   ROM Totals

==============================================================================

    Total RO  Size (Code + RO Data)                14676 (  14.33kB)
    Total RW  Size (RW Data + ZI Data)              2504 (   2.45kB)
    Total ROM Size (Code + RO Data + RW Data)      14780 (  14.43kB)

==============================================================================

